Archive member included to satisfy reference by file (symbol)

e:/program files/7.0/toolchain/avr8/avr8-gnu-toolchain/bin/../lib/gcc/avr/5.4.0/../../../../avr/lib/avr51\libm.a(fixunssfsi.o)
                              DMX512/DMXapi.o (__fixunssfsi)
e:/program files/7.0/toolchain/avr8/avr8-gnu-toolchain/bin/../lib/gcc/avr/5.4.0/../../../../avr/lib/avr51\libm.a(floatsisf.o)
                              DMX512/DMXapi.o (__floatunsisf)
e:/program files/7.0/toolchain/avr8/avr8-gnu-toolchain/bin/../lib/gcc/avr/5.4.0/../../../../avr/lib/avr51\libm.a(fp_split3.o)
                              e:/program files/7.0/toolchain/avr8/avr8-gnu-toolchain/bin/../lib/gcc/avr/5.4.0/../../../../avr/lib/avr51\libm.a(fixunssfsi.o) (__fp_splitA)
e:/program files/7.0/toolchain/avr8/avr8-gnu-toolchain/bin/../lib/gcc/avr/5.4.0/../../../../avr/lib/avr51\libm.a(fp_zero.o)
                              e:/program files/7.0/toolchain/avr8/avr8-gnu-toolchain/bin/../lib/gcc/avr/5.4.0/../../../../avr/lib/avr51\libm.a(fixunssfsi.o) (__fp_zero)
e:/program files/7.0/toolchain/avr8/avr8-gnu-toolchain/bin/../lib/gcc/avr/5.4.0/../../../../avr/lib/avr51\libm.a(mulsf3.o)
                              DMX512/DMXapi.o (__mulsf3)
e:/program files/7.0/toolchain/avr8/avr8-gnu-toolchain/bin/../lib/gcc/avr/5.4.0/../../../../avr/lib/avr51\libm.a(mulsf3x.o)
                              e:/program files/7.0/toolchain/avr8/avr8-gnu-toolchain/bin/../lib/gcc/avr/5.4.0/../../../../avr/lib/avr51\libm.a(mulsf3.o) (__mulsf3x)
e:/program files/7.0/toolchain/avr8/avr8-gnu-toolchain/bin/../lib/gcc/avr/5.4.0/../../../../avr/lib/avr51\libm.a(fp_inf.o)
                              e:/program files/7.0/toolchain/avr8/avr8-gnu-toolchain/bin/../lib/gcc/avr/5.4.0/../../../../avr/lib/avr51\libm.a(mulsf3x.o) (__fp_inf)
e:/program files/7.0/toolchain/avr8/avr8-gnu-toolchain/bin/../lib/gcc/avr/5.4.0/../../../../avr/lib/avr51\libm.a(fp_nan.o)
                              e:/program files/7.0/toolchain/avr8/avr8-gnu-toolchain/bin/../lib/gcc/avr/5.4.0/../../../../avr/lib/avr51\libm.a(mulsf3x.o) (__fp_nan)
e:/program files/7.0/toolchain/avr8/avr8-gnu-toolchain/bin/../lib/gcc/avr/5.4.0/../../../../avr/lib/avr51\libm.a(fp_pscA.o)
                              e:/program files/7.0/toolchain/avr8/avr8-gnu-toolchain/bin/../lib/gcc/avr/5.4.0/../../../../avr/lib/avr51\libm.a(mulsf3x.o) (__fp_pscA)
e:/program files/7.0/toolchain/avr8/avr8-gnu-toolchain/bin/../lib/gcc/avr/5.4.0/../../../../avr/lib/avr51\libm.a(fp_pscB.o)
                              e:/program files/7.0/toolchain/avr8/avr8-gnu-toolchain/bin/../lib/gcc/avr/5.4.0/../../../../avr/lib/avr51\libm.a(mulsf3x.o) (__fp_pscB)
e:/program files/7.0/toolchain/avr8/avr8-gnu-toolchain/bin/../lib/gcc/avr/5.4.0/../../../../avr/lib/avr51\libm.a(fp_round.o)
                              e:/program files/7.0/toolchain/avr8/avr8-gnu-toolchain/bin/../lib/gcc/avr/5.4.0/../../../../avr/lib/avr51\libm.a(mulsf3.o) (__fp_round)
e:/program files/7.0/toolchain/avr8/avr8-gnu-toolchain/bin/../lib/gcc/avr/5.4.0/avr51\libgcc.a(_udivmodsi4.o)
                              modbus/port/portserial.o (__udivmodsi4)
e:/program files/7.0/toolchain/avr8/avr8-gnu-toolchain/bin/../lib/gcc/avr/5.4.0/avr51\libgcc.a(_exit.o)
                              E:/Program Files/7.0/Packs/atmel/ATmega_DFP/1.3.300/gcc/dev/atmega1284/avr51/crtatmega1284.o (exit)
e:/program files/7.0/toolchain/avr8/avr8-gnu-toolchain/bin/../lib/gcc/avr/5.4.0/avr51\libgcc.a(_tablejump2.o)
                              arduino/wiring_digital.o (__tablejump2__)
e:/program files/7.0/toolchain/avr8/avr8-gnu-toolchain/bin/../lib/gcc/avr/5.4.0/avr51\libgcc.a(_copy_data.o)
                              arduino/WString.o (__do_copy_data)
e:/program files/7.0/toolchain/avr8/avr8-gnu-toolchain/bin/../lib/gcc/avr/5.4.0/avr51\libgcc.a(_clear_bss.o)
                              arduino/wiring.o (__do_clear_bss)
e:/program files/7.0/toolchain/avr8/avr8-gnu-toolchain/bin/../lib/gcc/avr/5.4.0/avr51\libgcc.a(_umulhisi3.o)
                              modbus/port/porttimer.o (__umulhisi3)
e:/program files/7.0/toolchain/avr8/avr8-gnu-toolchain/bin/../lib/gcc/avr/5.4.0/../../../../avr/lib/avr51\libc.a(dtostrf.o)
                              arduino/WString.o (dtostrf)
e:/program files/7.0/toolchain/avr8/avr8-gnu-toolchain/bin/../lib/gcc/avr/5.4.0/../../../../avr/lib/avr51\libc.a(malloc.o)
                              arduino/WString.o (free)
e:/program files/7.0/toolchain/avr8/avr8-gnu-toolchain/bin/../lib/gcc/avr/5.4.0/../../../../avr/lib/avr51\libc.a(realloc.o)
                              arduino/WString.o (realloc)
e:/program files/7.0/toolchain/avr8/avr8-gnu-toolchain/bin/../lib/gcc/avr/5.4.0/../../../../avr/lib/avr51\libc.a(atof.o)
                              arduino/WString.o (atof)
e:/program files/7.0/toolchain/avr8/avr8-gnu-toolchain/bin/../lib/gcc/avr/5.4.0/../../../../avr/lib/avr51\libc.a(atol.o)
[...]
Memory Configuration

Name             Origin             Length             Attributes
text             0x00000000         0x00020000         xr
data             0x00800100         0x0000ff00         rw !x
eeprom           0x00810000         0x00010000         rw !x
fuse             0x00820000         0x00000003         rw !x
lock             0x00830000         0x00000400         rw !x
signature        0x00840000         0x00000400         rw !x
user_signatures  0x00850000         0x00000400         rw !x
*default*        0x00000000         0xffffffff

Linker script and memory map

Address of section .data set to 0x800100
LOAD E:/Program Files/7.0/Packs/atmel/ATmega_DFP/1.3.300/gcc/dev/atmega1284/avr51/crtatmega1284.o
LOAD arduino/wiring.o
LOAD arduino/wiring_digital.o
LOAD arduino/WString.o
LOAD DMX512/DMXapi.o
LOAD DMX512/DMXSerial.o
LOAD DMX512/DMXsun.o
LOAD main.o
LOAD modbus/ascii/mbascii.o
LOAD modbus/functions/mbfunccoils.o
LOAD modbus/functions/mbfuncdiag.o
LOAD modbus/functions/mbfuncdisc.o
LOAD modbus/functions/mbfuncholding.o
LOAD modbus/functions/mbfuncinput.o
LOAD modbus/functions/mbfuncother.o
LOAD modbus/functions/mbutils.o
LOAD modbus/mb.o
LOAD modbus/port/portevent.o
LOAD modbus/port/portserial.o
LOAD modbus/port/porttimer.o
LOAD modbus/rtu/mbcrc.o
LOAD modbus/rtu/mbrtu.o
START GROUP
LOAD e:/program files/7.0/toolchain/avr8/avr8-gnu-toolchain/bin/../lib/gcc/avr/5.4.0/../../../../avr/lib/avr51\libm.a
END GROUP
LOAD e:/program files/7.0/toolchain/avr8/avr8-gnu-toolchain/bin/../lib/gcc/avr/5.4.0/avr51\libgcc.a
LOAD e:/program files/7.0/toolchain/avr8/avr8-gnu-toolchain/bin/../lib/gcc/avr/5.4.0/../../../../avr/lib/avr51\libm.a
START GROUP
LOAD e:/program files/7.0/toolchain/avr8/avr8-gnu-toolchain/bin/../lib/gcc/avr/5.4.0/avr51\libgcc.a
LOAD e:/program files/7.0/toolchain/avr8/avr8-gnu-toolchain/bin/../lib/gcc/avr/5.4.0/../../../../avr/lib/avr51\libm.a
LOAD e:/program files/7.0/toolchain/avr8/avr8-gnu-toolchain/bin/../lib/gcc/avr/5.4.0/../../../../avr/lib/avr51\libc.a
LOAD E:/Program Files/7.0/Packs/atmel/ATmega_DFP/1.3.300/gcc/dev/atmega1284/avr51\libatmega1284.a
END GROUP
                0x00000000                __TEXT_REGION_ORIGIN__ = DEFINED (__TEXT_REGION_ORIGIN__)?__TEXT_REGION_ORIGIN__:0x0
                0x00800100                __DATA_REGION_ORIGIN__ = DEFINED (__DATA_REGION_ORIGIN__)?__DATA_REGION_ORIGIN__:0x800100
                0x00020000                __TEXT_REGION_LENGTH__ = DEFINED (__TEXT_REGION_LENGTH__)?__TEXT_REGION_LENGTH__:0x20000
                0x0000ff00                __DATA_REGION_LENGTH__ = DEFINED (__DATA_REGION_LENGTH__)?__DATA_REGION_LENGTH__:0xff00
                0x00010000                __EEPROM_REGION_LENGTH__ = DEFINED (__EEPROM_REGION_LENGTH__)?__EEPROM_REGION_LENGTH__:0x10000
                [0x00000003]                __FUSE_REGION_LENGTH__ = DEFINED (__FUSE_REGION_LENGTH__)?__FUSE_REGION_LENGTH__:0x400
                0x00000400                __LOCK_REGION_LENGTH__ = DEFINED (__LOCK_REGION_LENGTH__)?__LOCK_REGION_LENGTH__:0x400
                0x00000400                __SIGNATURE_REGION_LENGTH__ = DEFINED (__SIGNATURE_REGION_LENGTH__)?__SIGNATURE_REGION_LENGTH__:0x400
                0x00000400                __USER_SIGNATURE_REGION_LENGTH__ = DEFINED (__USER_SIGNATURE_REGION_LENGTH__)?__USER_SIGNATURE_REGION_LENGTH__:0x400

.hash
 *(.hash)

.dynsym
 *(.dynsym)

.dynstr
 *(.dynstr)

.gnu.version
 *(.gnu.version)

.gnu.version_d
 *(.gnu.version_d)

.gnu.version_r
 *(.gnu.version_r)

.rel.init
 *(.rel.init)

.rela.init
 *(.rela.init)

.rel.text
 *(.rel.text)
 *(.rel.text.*)
 *(.rel.gnu.linkonce.t*)

.rela.text
 *(.rela.text)
 *(.rela.text.*)
 *(.rela.gnu.linkonce.t*)

.rel.fini
 *(.rel.fini)

.rela.fini
 *(.rela.fini)

.rel.rodata
 *(.rel.rodata)
 *(.rel.rodata.*)
 *(.rel.gnu.linkonce.r*)

.rela.rodata
 *(.rela.rodata)
 *(.rela.rodata.*)
 *(.rela.gnu.linkonce.r*)

.rel.data
 *(.rel.data)
 *(.rel.data.*)
 *(.rel.gnu.linkonce.d*)

.rela.data
 *(.rela.data)
 *(.rela.data.*)
 *(.rela.gnu.linkonce.d*)

.rel.ctors
 *(.rel.ctors)

.rela.ctors
 *(.rela.ctors)

.rel.dtors
 *(.rel.dtors)

.rela.dtors
 *(.rela.dtors)

.rel.got
 *(.rel.got)

.rela.got
 *(.rela.got)

.rel.bss
 *(.rel.bss)

.rela.bss
 *(.rela.bss)

.rel.plt
 *(.rel.plt)

.rela.plt
 *(.rela.plt)

.text           0x00000000     0x1e78
 *(.vectors)
 .vectors       0x00000000       0x8c E:/Program Files/7.0/Packs/atmel/ATmega_DFP/1.3.300/gcc/dev/atmega1284/avr51/crtatmega1284.o
                0x00000000                __vector_default
                0x00000000                __vectors
 *(.vectors)
 *(.progmem.gcc*)
 .progmem.gcc_sw_table.turnOffPWM
                0x0000008c       0x14 arduino/wiring_digital.o
                0x000000a0                . = ALIGN (0x2)
                0x000000a0                __trampolines_start = .
 *(.trampolines)
 .trampolines   0x000000a0        0x0 linker stubs
 *(.trampolines*)
                0x000000a0                __trampolines_end = .
 *libprintf_flt.a:*(.progmem.data)
 *libc.a:*(.progmem.data)
 *(.progmem*)
 .progmem.data.digital_pin_to_timer_PGM
                0x000000a0       0x20 arduino/wiring_digital.o
                0x000000a0                digital_pin_to_timer_PGM
 .progmem.data.digital_pin_to_bit_mask_PGM
                0x000000c0       0x20 arduino/wiring_digital.o
                0x000000c0                digital_pin_to_bit_mask_PGM
 .progmem.data.digital_pin_to_port_PGM
                0x000000e0       0x20 arduino/wiring_digital.o
                0x000000e0                digital_pin_to_port_PGM
 .progmem.data.port_to_output_PGM
                0x00000100        0xa arduino/wiring_digital.o
                0x00000100                port_to_output_PGM
 .progmem.data.port_to_mode_PGM
                0x0000010a        0xa arduino/wiring_digital.o
                0x0000010a                port_to_mode_PGM
                0x00000114                . = ALIGN (0x2)
 *(.jumptables)
 *(.jumptables*)
 *(.lowtext)
 *(.lowtext*)
                0x00000114                __ctors_start = .
 *(.ctors)
                0x00000114                __ctors_end = .
                0x00000114                __dtors_start = .
 *(.dtors)
                0x00000114                __dtors_end = .
 SORT(*)(.ctors)
 SORT(*)(.dtors)
 *(.init0)
 .init0         0x00000114        0x0 E:/Program Files/7.0/Packs/atmel/ATmega_DFP/1.3.300/gcc/dev/atmega1284/avr51/crtatmega1284.o
                0x00000114                __init
 *(.init0)
 *(.init1)
 *(.init1)
 *(.init2)
 .init2         0x00000114        0xc E:/Program Files/7.0/Packs/atmel/ATmega_DFP/1.3.300/gcc/dev/atmega1284/avr51/crtatmega1284.o
 *(.init2)
 *(.init3)
 *(.init3)
 *(.init4)
 .init4         0x00000120       0x1a e:/program files/7.0/toolchain/avr8/avr8-gnu-toolchain/bin/../lib/gcc/avr/5.4.0/avr51\libgcc.a(_copy_data.o)
                0x00000120                __do_copy_data
 .init4         0x0000013a       0x10 e:/program files/7.0/toolchain/avr8/avr8-gnu-toolchain/bin/../lib/gcc/avr/5.4.0/avr51\libgcc.a(_clear_bss.o)
                0x0000013a                __do_clear_bss
 *(.init4)
 *(.init5)
 *(.init5)
 *(.init6)
 *(.init6)
 *(.init7)
 *(.init7)
 *(.init8)
 *(.init8)
 *(.init9)
 .init9         0x0000014a        0x6 E:/Program Files/7.0/Packs/atmel/ATmega_DFP/1.3.300/gcc/dev/atmega1284/avr51/crtatmega1284.o
 *(.init9)
 *(.text)
 .text          0x00000150        0x2 E:/Program Files/7.0/Packs/atmel/ATmega_DFP/1.3.300/gcc/dev/atmega1284/avr51/crtatmega1284.o
                0x00000150                __vector_1
                0x00000150                __vector_32
                0x00000150                __vector_34
                0x00000150                __vector_24
                0x00000150                __vector_12
                0x00000150                __bad_interrupt
                0x00000150                __vector_6
                0x00000150                __vector_31
                0x00000150                __vector_3
                0x00000150                __vector_23
                0x00000150                __vector_25
                0x00000150                __vector_17
                0x00000150                __vector_19
                0x00000150                __vector_7
                0x00000150                __vector_27
                0x00000150                __vector_5
                0x00000150                __vector_33
                0x00000150                __vector_4
                0x00000150                __vector_2
                0x00000150                __vector_15
                0x00000150                __vector_8
                0x00000150                __vector_26
                0x00000150                __vector_14
                0x00000150                __vector_10
                0x00000150                __vector_16
                0x00000152                . = ALIGN (0x2)
 *(.text.*)
 .text.__vector_18
                0x00000152       0x94 arduino/wiring.o
                0x00000152                __vector_18
 .text.millis   0x000001e6       0x18 arduino/wiring.o
                0x000001e6                millis
 .text.init     0x000001fe       0x26 arduino/wiring.o
                0x000001fe                init
 .text.turnOffPWM
                0x00000224       0x6c arduino/wiring_digital.o
 .text.pinMode  0x00000290       0x7e arduino/wiring_digital.o
                0x00000290                pinMode
 .text.digitalWrite
                0x0000030e       0x60 arduino/wiring_digital.o
                0x0000030e                digitalWrite
 .text._ZN3DMX8panSweepEhh
                0x0000036e       0x22 DMX512/DMXapi.o
                0x0000036e                _ZN3DMX8panSweepEhh
 .text._ZN3DMX9tiltSweepEhh
                0x00000390       0x22 DMX512/DMXapi.o
                0x00000390                _ZN3DMX9tiltSweepEhh
 .text._ZN3DMX10sweepAngleE8motorSeljh
                0x000003b2       0x72 DMX512/DMXapi.o
                0x000003b2                _ZN3DMX10sweepAngleE8motorSeljh
 .text._ZN3DMX9setColourEm6effect
                0x00000424       0x9c DMX512/DMXapi.o
                0x00000424                _ZN3DMX9setColourEm6effect
 .text._ZN14DMXSerialClass5writeEih
                0x000004c0       0x4a DMX512/DMXSerial.o
                0x000004c0                _ZN14DMXSerialClass5writeEih
 .text._Z14_DMXSerialInitjhh
                0x0000050a       0x16 DMX512/DMXSerial.o
                0x0000050a                _Z14_DMXSerialInitjhh
 .text._Z16_DMXStartSendingv
                0x00000520       0x10 DMX512/DMXSerial.o
                0x00000520                _Z16_DMXStartSendingv
 .text._Z18_DMXStartReceivingv
                0x00000530       0x36 DMX512/DMXSerial.o
                0x00000530                _Z18_DMXStartReceivingv
 .text._ZN14DMXSerialClass4initEii
                0x00000566       0xb4 DMX512/DMXSerial.o
                0x00000566                _ZN14DMXSerialClass4initEii
 .text.__vector_28
                0x0000061a      0x11c DMX512/DMXSerial.o
                0x0000061a                __vector_28
 .text.__vector_30
                0x00000736       0x9e DMX512/DMXSerial.o
                0x00000736                __vector_30
 .text.__vector_29
                0x000007d4       0x9a DMX512/DMXSerial.o
                0x000007d4                __vector_29
 .text._ZN5surya14initTimekeeperEv
                0x0000086e       0x28 DMX512/DMXsun.o
                0x0000086e                _ZN5surya14initTimekeeperEv
 .text._ZN5surya13initTimeLapseEv
                0x00000896       0x2c DMX512/DMXsun.o
                0x00000896                _ZN5surya13initTimeLapseEv
 .text._ZN5surya14startTimeLapseEv
                0x000008c2       0x20 DMX512/DMXsun.o
                0x000008c2                _ZN5surya14startTimeLapseEv
 .text._ZN5surya13stopTimeLapseEv
                0x000008e2       0x2a DMX512/DMXsun.o
                0x000008e2                _ZN5surya13stopTimeLapseEv
 .text.__vector_13
                0x0000090c      0x126 DMX512/DMXsun.o
                0x0000090c                __vector_13
 .text.main     0x00000a32       0xd0 main.o
                0x00000a32                main
 .text.eMBRegInputCB
                0x00000b02       0x3e main.o
                0x00000b02                eMBRegInputCB
 .text.eMBRegHoldingCB
                0x00000b40      0x1b8 main.o
                0x00000b40                eMBRegHoldingCB
 .text.eMBRegCoilsCB
                0x00000cf8        0x4 main.o
                0x00000cf8                eMBRegCoilsCB
 .text.eMBRegDiscreteCB
                0x00000cfc        0x4 main.o
                0x00000cfc                eMBRegDiscreteCB
 .text.eMBASCIIInit
                0x00000d00       0x32 modbus/ascii/mbascii.o
                0x00000d00                eMBASCIIInit
 .text.eMBASCIIStart
                0x00000d32       0x14 modbus/ascii/mbascii.o
                0x00000d32                eMBASCIIStart
 .text.eMBASCIIStop
                0x00000d46        0xe modbus/ascii/mbascii.o
                0x00000d46                eMBASCIIStop
 .text.eMBASCIIReceive
                0x00000d54       0x6c modbus/ascii/mbascii.o
                0x00000d54                eMBASCIIReceive
 .text.eMBASCIISend
                0x00000dc0       0x92 modbus/ascii/mbascii.o
                0x00000dc0                eMBASCIISend
 .text.xMBASCIIReceiveFSM
                0x00000e52      0x13c modbus/ascii/mbascii.o
                0x00000e52                xMBASCIIReceiveFSM
 .text.xMBASCIITransmitFSM
                0x00000f8e      0x11e modbus/ascii/mbascii.o
                0x00000f8e                xMBASCIITransmitFSM
 .text.xMBASCIITimerT1SExpired
                0x000010ac       0x14 modbus/ascii/mbascii.o
                0x000010ac                xMBASCIITimerT1SExpired
 .text.eMBFuncReadCoils
                0x000010c0       0xcc modbus/functions/mbfunccoils.o
                0x000010c0                eMBFuncReadCoils
 .text.eMBFuncWriteCoil
                0x0000118c       0x6e modbus/functions/mbfunccoils.o
                0x0000118c                eMBFuncWriteCoil
 .text.eMBFuncWriteMultipleCoils
                0x000011fa       0x96 modbus/functions/mbfunccoils.o
                0x000011fa                eMBFuncWriteMultipleCoils
 .text.eMBFuncReadDiscreteInputs
                0x00001290       0xca modbus/functions/mbfuncdisc.o
                0x00001290                eMBFuncReadDiscreteInputs
 .text.eMBFuncWriteHoldingRegister
                0x0000135a       0x38 modbus/functions/mbfuncholding.o
                0x0000135a                eMBFuncWriteHoldingRegister
 .text.eMBFuncWriteMultipleHoldingRegister
                0x00001392       0x70 modbus/functions/mbfuncholding.o
                0x00001392                eMBFuncWriteMultipleHoldingRegister
 .text.eMBFuncReadHoldingRegister
                0x00001402       0x8c modbus/functions/mbfuncholding.o
                0x00001402                eMBFuncReadHoldingRegister
 .text.eMBFuncReadWriteMultipleHoldingRegister
                0x0000148e      0x10a modbus/functions/mbfuncholding.o
                0x0000148e                eMBFuncReadWriteMultipleHoldingRegister
 .text.eMBFuncReadInputRegister
                0x00001598       0x92 modbus/functions/mbfuncinput.o
                0x00001598                eMBFuncReadInputRegister
 .text.eMBSetSlaveID
                0x0000162a       0x54 modbus/functions/mbfuncother.o
                0x0000162a                eMBSetSlaveID
 .text.eMBFuncReportSlaveID
                0x0000167e       0x30 modbus/functions/mbfuncother.o
                0x0000167e                eMBFuncReportSlaveID
 .text.prveMBError2Exception
                0x000016ae       0x1c modbus/functions/mbutils.o
                0x000016ae                prveMBError2Exception
 .text.eMBInit  0x000016ca       0xc2 modbus/mb.o
                0x000016ca                eMBInit
 .text.eMBEnable
                0x0000178c       0x1e modbus/mb.o
                0x0000178c                eMBEnable
 .text.eMBPoll  0x000017aa      0x164 modbus/mb.o
                0x000017aa                eMBPoll
 .text.xMBPortEventInit
                0x0000190e        0x8 modbus/port/portevent.o
                0x0000190e                xMBPortEventInit
 .text.xMBPortEventPost
                0x00001916        0xe modbus/port/portevent.o
                0x00001916                xMBPortEventPost
 .text.xMBPortEventGet
                0x00001924       0x1c modbus/port/portevent.o
                0x00001924                xMBPortEventGet
 .text.vMBPortSerialEnable
                0x00001940       0x3e modbus/port/portserial.o
                0x00001940                vMBPortSerialEnable
 .text.xMBPortSerialInit
                0x0000197e       0x80 modbus/port/portserial.o
                0x0000197e                xMBPortSerialInit
 .text.xMBPortSerialPutByte
                0x000019fe        0x8 modbus/port/portserial.o
                0x000019fe                xMBPortSerialPutByte
 .text.xMBPortSerialGetByte
                0x00001a06        0xc modbus/port/portserial.o
                0x00001a06                xMBPortSerialGetByte
 .text.__vector_21
                0x00001a12       0x56 modbus/port/portserial.o
                0x00001a12                __vector_21
 .text.__vector_20
                0x00001a68       0x56 modbus/port/portserial.o
                0x00001a68                __vector_20
 .text.__vector_22
                0x00001abe       0x16 modbus/port/portserial.o
                0x00001abe                __vector_22
 .text.xMBPortTimersInit
                0x00001ad4       0x1a modbus/port/porttimer.o
                0x00001ad4                xMBPortTimersInit
 .text.vMBPortTimersEnable
                0x00001aee        0xa modbus/port/porttimer.o
                0x00001aee                vMBPortTimersEnable
 .text.vMBPortTimersDisable
                0x00001af8        0x2 modbus/port/porttimer.o
                0x00001af8                vMBPortTimersDisable
 .text.__vector_9
                0x00001afa       0x56 modbus/port/porttimer.o
                0x00001afa                __vector_9
 .text.__vector_11
                0x00001b50       0x64 modbus/port/porttimer.o
                0x00001b50                __vector_11
 .text.avr-libc.fplib
                0x00001bb4       0x58 e:/program files/7.0/toolchain/avr8/avr8-gnu-toolchain/bin/../lib/gcc/avr/5.4.0/../../../../avr/lib/avr51\libm.a(fixunssfsi.o)
                0x00001bb4                __fixunssfsi
 .text.avr-libc.fplib
                0x00001c0c       0x7a e:/program files/7.0/toolchain/avr8/avr8-gnu-toolchain/bin/../lib/gcc/avr/5.4.0/../../../../avr/lib/avr51\libm.a(floatsisf.o)
                0x00001c0c                __floatunsisf
                0x00001c10                __floatsisf
 .text.avr-libc.fplib
                0x00001c86       0x44 e:/program files/7.0/toolchain/avr8/avr8-gnu-toolchain/bin/../lib/gcc/avr/5.4.0/../../../../avr/lib/avr51\libm.a(fp_split3.o)
                0x00001c86                __fp_split3
                0x00001c96                __fp_splitA
 .text.avr-libc.fplib
                0x00001cca        0xe e:/program files/7.0/toolchain/avr8/avr8-gnu-toolchain/bin/../lib/gcc/avr/5.4.0/../../../../avr/lib/avr51\libm.a(fp_zero.o)
                0x00001cca                __fp_zero
                0x00001ccc                __fp_szero
 .text.avr-libc.fplib
                0x00001cd8        0x4 e:/program files/7.0/toolchain/avr8/avr8-gnu-toolchain/bin/../lib/gcc/avr/5.4.0/../../../../avr/lib/avr51\libm.a(mulsf3.o)
                0x00001cd8                __mulsf3
 .text.avr-libc.fplib
                0x00001cdc       0xc2 e:/program files/7.0/toolchain/avr8/avr8-gnu-toolchain/bin/../lib/gcc/avr/5.4.0/../../../../avr/lib/avr51\libm.a(mulsf3x.o)
                0x00001cf0                __mulsf3x
                0x00001cf4                __mulsf3_pse
 .text.avr-libc.fplib
                0x00001d9e        0xc e:/program files/7.0/toolchain/avr8/avr8-gnu-toolchain/bin/../lib/gcc/avr/5.4.0/../../../../avr/lib/avr51\libm.a(fp_inf.o)
                0x00001d9e                __fp_inf
 .text.avr-libc.fplib
                0x00001daa        0x6 e:/program files/7.0/toolchain/avr8/avr8-gnu-toolchain/bin/../lib/gcc/avr/5.4.0/../../../../avr/lib/avr51\libm.a(fp_nan.o)
                0x00001daa                __fp_nan
 .text.avr-libc.fplib
                0x00001db0        0xe e:/program files/7.0/toolchain/avr8/avr8-gnu-toolchain/bin/../lib/gcc/avr/5.4.0/../../../../avr/lib/avr51\libm.a(fp_pscA.o)
                0x00001db0                __fp_pscA
 .text.avr-libc.fplib
                0x00001dbe        0xe e:/program files/7.0/toolchain/avr8/avr8-gnu-toolchain/bin/../lib/gcc/avr/5.4.0/../../../../avr/lib/avr51\libm.a(fp_pscB.o)
                0x00001dbe                __fp_pscB
 .text.avr-libc.fplib
                0x00001dcc       0x22 e:/program files/7.0/toolchain/avr8/avr8-gnu-toolchain/bin/../lib/gcc/avr/5.4.0/../../../../avr/lib/avr51\libm.a(fp_round.o)
                0x00001dcc                __fp_round
 .text.libgcc.div
                0x00001dee       0x44 e:/program files/7.0/toolchain/avr8/avr8-gnu-toolchain/bin/../lib/gcc/avr/5.4.0/avr51\libgcc.a(_udivmodsi4.o)
                0x00001dee                __udivmodsi4
 .text.libgcc   0x00001e32       0x12 e:/program files/7.0/toolchain/avr8/avr8-gnu-toolchain/bin/../lib/gcc/avr/5.4.0/avr51\libgcc.a(_tablejump2.o)
                0x00001e32                __tablejump2__
 .text.libgcc.mul
                0x00001e44       0x1e e:/program files/7.0/toolchain/avr8/avr8-gnu-toolchain/bin/../lib/gcc/avr/5.4.0/avr51\libgcc.a(_umulhisi3.o)
                0x00001e44                __umulhisi3
 .text.avr-libc
                0x00001e62       0x12 e:/program files/7.0/toolchain/avr8/avr8-gnu-toolchain/bin/../lib/gcc/avr/5.4.0/../../../../avr/lib/avr51\libc.a(memcpy.o)
                0x00001e62                memcpy
                0x00001e74                . = ALIGN (0x2)
 *(.fini9)
 .fini9         0x00001e74        0x0 e:/program files/7.0/toolchain/avr8/avr8-gnu-toolchain/bin/../lib/gcc/avr/5.4.0/avr51\libgcc.a(_exit.o)
                0x00001e74                _exit
                0x00001e74                exit
 *(.fini9)
 *(.fini8)
 *(.fini8)
 *(.fini7)
 *(.fini7)
 *(.fini6)
 *(.fini6)
 *(.fini5)
 *(.fini5)
 *(.fini4)
 *(.fini4)
 *(.fini3)
 *(.fini3)
 *(.fini2)
 *(.fini2)
 *(.fini1)
 *(.fini1)
 *(.fini0)
 .fini0         0x00001e74        0x4 e:/program files/7.0/toolchain/avr8/avr8-gnu-toolchain/bin/../lib/gcc/avr/5.4.0/avr51\libgcc.a(_exit.o)
 *(.fini0)
                0x00001e78                _etext = .

.data           0x00800100       0x5e load address 0x00001e78
                0x00800100                PROVIDE (__data_start, .)
 *(.data)
 *(.data*)
 .data._dmxUpdated
                0x00800100        0x1 DMX512/DMXSerial.o
                0x00800100                _dmxUpdated
 .data._dmxMaxChannel
                0x00800101        0x2 DMX512/DMXSerial.o
                0x00800101                _dmxMaxChannel
 .data.n        0x00800103        0x1 DMX512/DMXsun.o
                0x00800103                n
 .data._ZL13xFuncHandlers
                0x00800104       0x30 modbus/mb.o
 .data._ZL8eMBState
                0x00800134        0x1 modbus/mb.o
 *(.gnu.linkonce.d*)
 *(.rodata)
 *(.rodata*)
 .rodata._ZL8_colours
                0x00800135       0x28 DMX512/DMXsun.o
 *(.gnu.linkonce.r*)
                0x0080015e                . = ALIGN (0x2)
 *fill*         0x0080015d        0x1 
                0x0080015e                _edata = .
                0x0080015e                PROVIDE (__data_end, .)

.bss            0x0080015e      0x3fc
                0x0080015e                PROVIDE (__bss_start, .)
 *(.bss)
 *(.bss*)
 .bss.timer0_fract
                0x0080015e        0x1 arduino/wiring.o
 .bss.timer0_millis
                0x0080015f        0x4 arduino/wiring.o
                0x0080015f                timer0_millis
 .bss.timer0_overflow_count
                0x00800163        0x4 arduino/wiring.o
                0x00800163                timer0_overflow_count
 .bss.DMXSerial
                0x00800167        0x1 DMX512/DMXSerial.o
                0x00800167                DMXSerial
 .bss._dmxDataLastPtr
                0x00800168        0x2 DMX512/DMXSerial.o
                0x00800168                _dmxDataLastPtr
 .bss._dmxDataPtr
                0x0080016a        0x2 DMX512/DMXSerial.o
                0x0080016a                _dmxDataPtr
 .bss._dmxData  0x0080016c      0x201 DMX512/DMXSerial.o
                0x0080016c                _dmxData
 .bss._dmxLastPacket
                0x0080036d        0x4 DMX512/DMXSerial.o
                0x0080036d                _dmxLastPacket
 .bss._dmxChannel
                0x00800371        0x2 DMX512/DMXSerial.o
                0x00800371                _dmxChannel
 .bss._dmxRecvState
                0x00800373        0x1 DMX512/DMXSerial.o
                0x00800373                _dmxRecvState
 .bss._dmxModePin
                0x00800374        0x2 DMX512/DMXSerial.o
                0x00800374                _dmxModePin
 .bss._dmxMode  0x00800376        0x1 DMX512/DMXSerial.o
                0x00800376                _dmxMode
 .bss._tv       0x00800377        0xa DMX512/DMXsun.o
                0x00800377                _tv
 .bss._counter  0x00800381        0x4 DMX512/DMXsun.o
                0x00800381                _counter
 .bss._ZL11_start_flag
                0x00800385        0x1 DMX512/DMXsun.o
 .bss._ZL14usRegOutputBuf
                0x00800386       0x8c main.o
 .bss.ucMBLFCharacter
                0x00800412        0x1 modbus/ascii/mbascii.o
 .bss.usSndBufferCount
                0x00800413        0x2 modbus/ascii/mbascii.o
 .bss.pucSndBufferCur
                0x00800415        0x2 modbus/ascii/mbascii.o
 .bss.eBytePos  0x00800417        0x1 modbus/ascii/mbascii.o
 .bss.usRcvBufferPos
                0x00800418        0x2 modbus/ascii/mbascii.o
 .bss.eRcvState
                0x0080041a        0x1 modbus/ascii/mbascii.o
 .bss.eSndState
                0x0080041b        0x1 modbus/ascii/mbascii.o
 .bss.usMBSlaveIDLen
                0x0080041c        0x2 modbus/functions/mbfuncother.o
 .bss.ucMBSlaveID
                0x0080041e       0x20 modbus/functions/mbfuncother.o
 .bss._ZZ7eMBPollE10eException
                0x0080043e        0x1 modbus/mb.o
 .bss._ZZ7eMBPollE14ucFunctionCode
                0x0080043f        0x1 modbus/mb.o
 .bss._ZZ7eMBPollE8usLength
                0x00800440        0x2 modbus/mb.o
 .bss._ZZ7eMBPollE9ucMBFrame
                0x00800442        0x2 modbus/mb.o
 .bss._ZZ7eMBPollE12ucRcvAddress
                0x00800444        0x1 modbus/mb.o
 .bss.pxMBPortCBTimerExpired
                0x00800445        0x2 modbus/mb.o
                0x00800445                pxMBPortCBTimerExpired
 .bss.pxMBFrameCBTransmitterEmpty
                0x00800447        0x2 modbus/mb.o
                0x00800447                pxMBFrameCBTransmitterEmpty
 .bss.pxMBFrameCBByteReceived
                0x00800449        0x2 modbus/mb.o
                0x00800449                pxMBFrameCBByteReceived
 .bss._ZL17pvMBFrameCloseCur
                0x0080044b        0x2 modbus/mb.o
 .bss._ZL19peMBFrameReceiveCur
                0x0080044d        0x2 modbus/mb.o
 .bss._ZL16pvMBFrameStopCur
                0x0080044f        0x2 modbus/mb.o
 .bss._ZL17pvMBFrameStartCur
                0x00800451        0x2 modbus/mb.o
 .bss._ZL16peMBFrameSendCur
                0x00800453        0x2 modbus/mb.o
 .bss._ZL11ucMBAddress
                0x00800455        0x1 modbus/mb.o
 .bss.xEventInQueue
                0x00800456        0x1 modbus/port/portevent.o
 .bss.eQueuedEvent
                0x00800457        0x1 modbus/port/portevent.o
 .bss.TCNT2_Hi  0x00800458        0x1 modbus/port/porttimer.o
 .bss.usTimerOCRDeltaHi
                0x00800459        0x1 modbus/port/porttimer.o
 *(COMMON)
 COMMON         0x0080045a      0x100 modbus/rtu/mbrtu.o
                0x0080045a                ucRTUBuf
                0x0080055a                PROVIDE (__bss_end, .)
                0x00001e78                __data_load_start = LOADADDR (.data)
                0x00001ed6                __data_load_end = (__data_load_start + SIZEOF (.data))

.noinit         0x0080055a        0x0
                [!provide]                PROVIDE (__noinit_start, .)
 *(.noinit*)
                [!provide]                PROVIDE (__noinit_end, .)
                0x0080055a                _end = .
                0x0080055a                PROVIDE (__heap_start, .)

.eeprom         0x00810000        0x0
 *(.eeprom*)
                0x00810000                __eeprom_end = .

.fuse
 *(.fuse)
 *(.lfuse)
 *(.hfuse)
 *(.efuse)

.lock
 *(.lock*)

.signature
 *(.signature*)

.user_signatures
 *(.user_signatures*)

.stab
 *(.stab)

.stabstr
 *(.stabstr)

.stab.excl
 *(.stab.excl)

.stab.exclstr
 *(.stab.exclstr)

.stab.index
 *(.stab.index)

.stab.indexstr
 *(.stab.indexstr)

.comment        0x00000000       0x30
 *(.comment)
 .comment       0x00000000       0x30 arduino/wiring.o
                                 0x31 (size before relaxing)
 .comment       0x00000030       0x31 arduino/wiring_digital.o
 .comment       0x00000030       0x31 DMX512/DMXapi.o
 .comment       0x00000030       0x31 DMX512/DMXSerial.o
 .comment       0x00000030       0x31 DMX512/DMXsun.o
 .comment       0x00000030       0x31 main.o
 .comment       0x00000030       0x31 modbus/ascii/mbascii.o
 .comment       0x00000030       0x31 modbus/functions/mbfunccoils.o
 .comment       0x00000030       0x31 modbus/functions/mbfuncdisc.o
 .comment       0x00000030       0x31 modbus/functions/mbfuncholding.o
 .comment       0x00000030       0x31 modbus/functions/mbfuncinput.o
 .comment       0x00000030       0x31 modbus/functions/mbfuncother.o
 .comment       0x00000030       0x31 modbus/functions/mbutils.o
 .comment       0x00000030       0x31 modbus/mb.o
 .comment       0x00000030       0x31 modbus/port/portevent.o
 .comment       0x00000030       0x31 modbus/port/portserial.o
 .comment       0x00000030       0x31 modbus/port/porttimer.o
 .comment       0x00000030       0x31 modbus/rtu/mbrtu.o

.note.gnu.avr.deviceinfo
                0x00000000       0x40
 .note.gnu.avr.deviceinfo
                0x00000000       0x40 E:/Program Files/7.0/Packs/atmel/ATmega_DFP/1.3.300/gcc/dev/atmega1284/avr51/crtatmega1284.o

.note.gnu.build-id
 *(.note.gnu.build-id)

.debug
 *(.debug)

.line
 *(.line)

.debug_srcinfo
 *(.debug_srcinfo)

.debug_sfnames
 *(.debug_sfnames)

.debug_aranges  0x00000000      0x4a8
 *(.debug_aranges)
 .debug_aranges
                0x00000000       0x48 arduino/wiring.o
 .debug_aranges
                0x00000048       0x38 arduino/wiring_digital.o
 .debug_aranges
                0x00000080       0x48 DMX512/DMXapi.o
 .debug_aranges
                0x000000c8       0xa8 DMX512/DMXSerial.o
 .debug_aranges
                0x00000170       0x40 DMX512/DMXsun.o
 .debug_aranges
                0x000001b0       0x40 main.o
 .debug_aranges
                0x000001f0       0x58 modbus/ascii/mbascii.o
 .debug_aranges
                0x00000248       0x30 modbus/functions/mbfunccoils.o
 .debug_aranges
                0x00000278       0x20 modbus/functions/mbfuncdisc.o
 .debug_aranges
                0x00000298       0x38 modbus/functions/mbfuncholding.o
 .debug_aranges
                0x000002d0       0x20 modbus/functions/mbfuncinput.o
 .debug_aranges
                0x000002f0       0x28 modbus/functions/mbfuncother.o
 .debug_aranges
                0x00000318       0x30 modbus/functions/mbutils.o
 .debug_aranges
                0x00000348       0x48 modbus/mb.o
 .debug_aranges
                0x00000390       0x30 modbus/port/portevent.o
 .debug_aranges
                0x000003c0       0x50 modbus/port/portserial.o
 .debug_aranges
                0x00000410       0x40 modbus/port/porttimer.o
 .debug_aranges
                0x00000450       0x58 modbus/rtu/mbrtu.o

.debug_pubnames
 *(.debug_pubnames)

.debug_info     0x00000000     0x5d48
 *(.debug_info .gnu.linkonce.wi.*)
 .debug_info    0x00000000      0x792 E:/Program Files/7.0/Packs/atmel/ATmega_DFP/1.3.300/gcc/dev/atmega1284/avr51/crtatmega1284.o
 .debug_info    0x00000792      0x2de arduino/wiring.o
 .debug_info    0x00000a70      0x5e8 arduino/wiring_digital.o
 .debug_info    0x00001058      0x66a DMX512/DMXapi.o
 .debug_info    0x000016c2      0xa9c DMX512/DMXSerial.o
 .debug_info    0x0000215e      0x3f1 DMX512/DMXsun.o
 .debug_info    0x0000254f      0xbeb main.o
 .debug_info    0x0000313a      0x7f1 modbus/ascii/mbascii.o
 .debug_info    0x0000392b      0x3ab modbus/functions/mbfunccoils.o
 .debug_info    0x00003cd6      0x20c modbus/functions/mbfuncdisc.o
 .debug_info    0x00003ee2      0x47d modbus/functions/mbfuncholding.o
 .debug_info    0x0000435f      0x208 modbus/functions/mbfuncinput.o
 .debug_info    0x00004567      0x2a1 modbus/functions/mbfuncother.o
 .debug_info    0x00004808      0x296 modbus/functions/mbutils.o
 .debug_info    0x00004a9e      0x6e1 modbus/mb.o
 .debug_info    0x0000517f      0x15f modbus/port/portevent.o
 .debug_info    0x000052de      0x262 modbus/port/portserial.o
 .debug_info    0x00005540      0x190 modbus/port/porttimer.o
 .debug_info    0x000056d0      0x678 modbus/rtu/mbrtu.o

.debug_abbrev   0x00000000     0x20eb
 *(.debug_abbrev)
 .debug_abbrev  0x00000000      0x729 E:/Program Files/7.0/Packs/atmel/ATmega_DFP/1.3.300/gcc/dev/atmega1284/avr51/crtatmega1284.o
 .debug_abbrev  0x00000729      0x146 arduino/wiring.o
 .debug_abbrev  0x0000086f      0x15a arduino/wiring_digital.o
 .debug_abbrev  0x000009c9      0x1d8 DMX512/DMXapi.o
 .debug_abbrev  0x00000ba1      0x2b9 DMX512/DMXSerial.o
 .debug_abbrev  0x00000e5a      0x181 DMX512/DMXsun.o
 .debug_abbrev  0x00000fdb      0x2e6 main.o
 .debug_abbrev  0x000012c1      0x22a modbus/ascii/mbascii.o
 .debug_abbrev  0x000014eb       0xfd modbus/functions/mbfunccoils.o
 .debug_abbrev  0x000015e8       0xdc modbus/functions/mbfuncdisc.o
 .debug_abbrev  0x000016c4       0xf8 modbus/functions/mbfuncholding.o
 .debug_abbrev  0x000017bc       0xdc modbus/functions/mbfuncinput.o
 .debug_abbrev  0x00001898       0xe1 modbus/functions/mbfuncother.o
 .debug_abbrev  0x00001979       0xf3 modbus/functions/mbutils.o
 .debug_abbrev  0x00001a6c      0x208 modbus/mb.o
 .debug_abbrev  0x00001c74       0xbd modbus/port/portevent.o
 .debug_abbrev  0x00001d31      0x13a modbus/port/portserial.o
 .debug_abbrev  0x00001e6b       0xfb modbus/port/porttimer.o
 .debug_abbrev  0x00001f66      0x185 modbus/rtu/mbrtu.o

.debug_line     0x00000000     0x2d06
 *(.debug_line .debug_line.* .debug_line_end)
 .debug_line    0x00000000      0x169 E:/Program Files/7.0/Packs/atmel/ATmega_DFP/1.3.300/gcc/dev/atmega1284/avr51/crtatmega1284.o
 .debug_line    0x00000169      0x224 arduino/wiring.o
 .debug_line    0x0000038d      0x22d arduino/wiring_digital.o
 .debug_line    0x000005ba      0x1ab DMX512/DMXapi.o
 .debug_line    0x00000765      0x4b3 DMX512/DMXSerial.o
 .debug_line    0x00000c18      0x1c4 DMX512/DMXsun.o
 .debug_line    0x00000ddc      0x3c1 main.o
 .debug_line    0x0000119d      0x4d4 modbus/ascii/mbascii.o
 .debug_line    0x00001671      0x26d modbus/functions/mbfunccoils.o
 .debug_line    0x000018de      0x163 modbus/functions/mbfuncdisc.o
 .debug_line    0x00001a41      0x2c9 modbus/functions/mbfuncholding.o
 .debug_line    0x00001d0a      0x151 modbus/functions/mbfuncinput.o
 .debug_line    0x00001e5b      0x18f modbus/functions/mbfuncother.o
 .debug_line    0x00001fea      0x17b modbus/functions/mbutils.o
 .debug_line    0x00002165      0x38f modbus/mb.o
 .debug_line    0x000024f4      0x107 modbus/port/portevent.o
 .debug_line    0x000025fb      0x1f9 modbus/port/portserial.o
 .debug_line    0x000027f4      0x158 modbus/port/porttimer.o
 .debug_line    0x0000294c      0x3ba modbus/rtu/mbrtu.o

.debug_frame    0x00000000      0xc88
 *(.debug_frame)
 .debug_frame   0x00000000       0xc4 arduino/wiring.o
 .debug_frame   0x000000c4       0x7c arduino/wiring_digital.o
 .debug_frame   0x00000140       0xd4 DMX512/DMXapi.o
 .debug_frame   0x00000214      0x22c DMX512/DMXSerial.o
 .debug_frame   0x00000440       0xac DMX512/DMXsun.o
 .debug_frame   0x000004ec       0xbc main.o
 .debug_frame   0x000005a8       0xc0 modbus/ascii/mbascii.o
 .debug_frame   0x00000668       0x70 modbus/functions/mbfunccoils.o
 .debug_frame   0x000006d8       0x34 modbus/functions/mbfuncdisc.o
 .debug_frame   0x0000070c       0x9c modbus/functions/mbfuncholding.o
 .debug_frame   0x000007a8       0x38 modbus/functions/mbfuncinput.o
 .debug_frame   0x000007e0       0x54 modbus/functions/mbfuncother.o
 .debug_frame   0x00000834       0x58 modbus/functions/mbutils.o
 .debug_frame   0x0000088c       0xa8 modbus/mb.o
 .debug_frame   0x00000934       0x44 modbus/port/portevent.o
 .debug_frame   0x00000978      0x12c modbus/port/portserial.o
 .debug_frame   0x00000aa4       0xf4 modbus/port/porttimer.o
 .debug_frame   0x00000b98       0xf0 modbus/rtu/mbrtu.o

.debug_str      0x00000000     0x1b62
 *(.debug_str)
 .debug_str     0x00000000      0x296 E:/Program Files/7.0/Packs/atmel/ATmega_DFP/1.3.300/gcc/dev/atmega1284/avr51/crtatmega1284.o
 .debug_str     0x00000296      0x1d0 arduino/wiring.o
                                0x210 (size before relaxing)
 .debug_str     0x00000466       0xf6 arduino/wiring_digital.o
                                0x275 (size before relaxing)
 .debug_str     0x0000055c      0x442 DMX512/DMXapi.o
                                0x50b (size before relaxing)
 .debug_str     0x0000099e      0x20b DMX512/DMXSerial.o
                                0x604 (size before relaxing)
 .debug_str     0x00000ba9       0xe6 DMX512/DMXsun.o
                                0x3ac (size before relaxing)
 .debug_str     0x00000c8f      0x26d main.o
                                0x850 (size before relaxing)
 .debug_str     0x00000efc      0x349 modbus/ascii/mbascii.o
                                0x575 (size before relaxing)
 .debug_str     0x00001245      0x1bc modbus/functions/mbfunccoils.o
                                0x3f2 (size before relaxing)
 .debug_str     0x00001401       0x49 modbus/functions/mbfuncdisc.o
                                0x384 (size before relaxing)
 .debug_str     0x0000144a      0x117 modbus/functions/mbfuncholding.o
                                0x461 (size before relaxing)
 .debug_str     0x00001561       0x3b modbus/functions/mbfuncinput.o
                                0x375 (size before relaxing)
 .debug_str     0x0000159c       0x89 modbus/functions/mbfuncother.o
                                0x396 (size before relaxing)
 .debug_str     0x00001625       0x9e modbus/functions/mbutils.o
                                0x38c (size before relaxing)
 .debug_str     0x000016c3      0x258 modbus/mb.o
                                0x6b5 (size before relaxing)
 .debug_str     0x0000191b       0x45 modbus/port/portevent.o
                                0x237 (size before relaxing)
 .debug_str     0x00001960       0x76 modbus/port/portserial.o
                                0x2db (size before relaxing)
 .debug_str     0x000019d6       0x8b modbus/port/porttimer.o
                                0x26a (size before relaxing)
 .debug_str     0x00001a61      0x101 modbus/rtu/mbrtu.o
                                0x4fb (size before relaxing)

.debug_loc      0x00000000     0x4e0e
 *(.debug_loc)
 .debug_loc     0x00000000      0x24a arduino/wiring.o
 .debug_loc     0x0000024a      0x5f6 arduino/wiring_digital.o
 .debug_loc     0x00000840      0x405 DMX512/DMXapi.o
 .debug_loc     0x00000c45      0x703 DMX512/DMXSerial.o
 .debug_loc     0x00001348       0xcb DMX512/DMXsun.o
 .debug_loc     0x00001413      0x80a main.o
 .debug_loc     0x00001c1d      0x542 modbus/ascii/mbascii.o
 .debug_loc     0x0000215f      0x759 modbus/functions/mbfunccoils.o
 .debug_loc     0x000028b8      0x24e modbus/functions/mbfuncdisc.o
 .debug_loc     0x00002b06      0xba9 modbus/functions/mbfuncholding.o
 .debug_loc     0x000036af      0x23a modbus/functions/mbfuncinput.o
 .debug_loc     0x000038e9      0x246 modbus/functions/mbfuncother.o
 .debug_loc     0x00003b2f      0x319 modbus/functions/mbutils.o
 .debug_loc     0x00003e48      0x4ce modbus/mb.o
 .debug_loc     0x00004316       0xa1 modbus/port/portevent.o
 .debug_loc     0x000043b7      0x347 modbus/port/portserial.o
 .debug_loc     0x000046fe      0x1bc modbus/port/porttimer.o
 .debug_loc     0x000048ba      0x554 modbus/rtu/mbrtu.o

.debug_macinfo
 *(.debug_macinfo)

.debug_weaknames
 *(.debug_weaknames)

.debug_funcnames
 *(.debug_funcnames)

.debug_typenames
 *(.debug_typenames)

.debug_varnames
 *(.debug_varnames)

.debug_pubtypes
 *(.debug_pubtypes)

.debug_ranges   0x00000000      0x3a0
 *(.debug_ranges)
 .debug_ranges  0x00000000       0x38 arduino/wiring.o
 .debug_ranges  0x00000038       0x28 arduino/wiring_digital.o
 .debug_ranges  0x00000060       0x38 DMX512/DMXapi.o
 .debug_ranges  0x00000098       0x98 DMX512/DMXSerial.o
 .debug_ranges  0x00000130       0x30 DMX512/DMXsun.o
 .debug_ranges  0x00000160       0x48 main.o
 .debug_ranges  0x000001a8       0x48 modbus/ascii/mbascii.o
 .debug_ranges  0x000001f0       0x20 modbus/functions/mbfunccoils.o
 .debug_ranges  0x00000210       0x10 modbus/functions/mbfuncdisc.o
 .debug_ranges  0x00000220       0x28 modbus/functions/mbfuncholding.o
 .debug_ranges  0x00000248       0x10 modbus/functions/mbfuncinput.o
 .debug_ranges  0x00000258       0x18 modbus/functions/mbfuncother.o
 .debug_ranges  0x00000270       0x20 modbus/functions/mbutils.o
 .debug_ranges  0x00000290       0x38 modbus/mb.o
 .debug_ranges  0x000002c8       0x20 modbus/port/portevent.o
 .debug_ranges  0x000002e8       0x40 modbus/port/portserial.o
 .debug_ranges  0x00000328       0x30 modbus/port/porttimer.o
 .debug_ranges  0x00000358       0x48 modbus/rtu/mbrtu.o

.debug_macro
 *(.debug_macro)
OUTPUT(dmxSlave.elf elf32-avr)
LOAD linker stubs
