Archive member included to satisfy reference by file (symbol)

c:/program files (x86)/atmel/studio/7.0/toolchain/avr8/avr8-gnu-toolchain/bin/../lib/gcc/avr/4.9.2/../../../../avr/lib/avr5\libm.a(addsf3.o)
                              arduino/Print.o (__subsf3)
c:/program files (x86)/atmel/studio/7.0/toolchain/avr8/avr8-gnu-toolchain/bin/../lib/gcc/avr/4.9.2/../../../../avr/lib/avr5\libm.a(addsf3x.o)
                              c:/program files (x86)/atmel/studio/7.0/toolchain/avr8/avr8-gnu-toolchain/bin/../lib/gcc/avr/4.9.2/../../../../avr/lib/avr5\libm.a(addsf3.o) (__addsf3x)
c:/program files (x86)/atmel/studio/7.0/toolchain/avr8/avr8-gnu-toolchain/bin/../lib/gcc/avr/4.9.2/../../../../avr/lib/avr5\libm.a(cmpsf2.o)
                              arduino/Print.o (__ltsf2)
c:/program files (x86)/atmel/studio/7.0/toolchain/avr8/avr8-gnu-toolchain/bin/../lib/gcc/avr/4.9.2/../../../../avr/lib/avr5\libm.a(divsf3.o)
                              arduino/Print.o (__divsf3)
c:/program files (x86)/atmel/studio/7.0/toolchain/avr8/avr8-gnu-toolchain/bin/../lib/gcc/avr/4.9.2/../../../../avr/lib/avr5\libm.a(divsf3x.o)
                              c:/program files (x86)/atmel/studio/7.0/toolchain/avr8/avr8-gnu-toolchain/bin/../lib/gcc/avr/4.9.2/../../../../avr/lib/avr5\libm.a(divsf3.o) (__divsf3x)
c:/program files (x86)/atmel/studio/7.0/toolchain/avr8/avr8-gnu-toolchain/bin/../lib/gcc/avr/4.9.2/../../../../avr/lib/avr5\libm.a(fixunssfsi.o)
                              arduino/Print.o (__fixunssfsi)
c:/program files (x86)/atmel/studio/7.0/toolchain/avr8/avr8-gnu-toolchain/bin/../lib/gcc/avr/4.9.2/../../../../avr/lib/avr5\libm.a(floatsisf.o)
                              arduino/Print.o (__floatunsisf)
c:/program files (x86)/atmel/studio/7.0/toolchain/avr8/avr8-gnu-toolchain/bin/../lib/gcc/avr/4.9.2/../../../../avr/lib/avr5\libm.a(fp_cmp.o)
                              c:/program files (x86)/atmel/studio/7.0/toolchain/avr8/avr8-gnu-toolchain/bin/../lib/gcc/avr/4.9.2/../../../../avr/lib/avr5\libm.a(cmpsf2.o) (__fp_cmp)
c:/program files (x86)/atmel/studio/7.0/toolchain/avr8/avr8-gnu-toolchain/bin/../lib/gcc/avr/4.9.2/../../../../avr/lib/avr5\libm.a(fp_inf.o)
                              c:/program files (x86)/atmel/studio/7.0/toolchain/avr8/avr8-gnu-toolchain/bin/../lib/gcc/avr/4.9.2/../../../../avr/lib/avr5\libm.a(addsf3x.o) (__fp_inf)
c:/program files (x86)/atmel/studio/7.0/toolchain/avr8/avr8-gnu-toolchain/bin/../lib/gcc/avr/4.9.2/../../../../avr/lib/avr5\libm.a(fp_nan.o)
                              c:/program files (x86)/atmel/studio/7.0/toolchain/avr8/avr8-gnu-toolchain/bin/../lib/gcc/avr/4.9.2/../../../../avr/lib/avr5\libm.a(addsf3x.o) (__fp_nan)
c:/program files (x86)/atmel/studio/7.0/toolchain/avr8/avr8-gnu-toolchain/bin/../lib/gcc/avr/4.9.2/../../../../avr/lib/avr5\libm.a(fp_pscA.o)
                              c:/program files (x86)/atmel/studio/7.0/toolchain/avr8/avr8-gnu-toolchain/bin/../lib/gcc/avr/4.9.2/../../../../avr/lib/avr5\libm.a(addsf3x.o) (__fp_pscA)
c:/program files (x86)/atmel/studio/7.0/toolchain/avr8/avr8-gnu-toolchain/bin/../lib/gcc/avr/4.9.2/../../../../avr/lib/avr5\libm.a(fp_pscB.o)
                              c:/program files (x86)/atmel/studio/7.0/toolchain/avr8/avr8-gnu-toolchain/bin/../lib/gcc/avr/4.9.2/../../../../avr/lib/avr5\libm.a(addsf3x.o) (__fp_pscB)
c:/program files (x86)/atmel/studio/7.0/toolchain/avr8/avr8-gnu-toolchain/bin/../lib/gcc/avr/4.9.2/../../../../avr/lib/avr5\libm.a(fp_round.o)
                              c:/program files (x86)/atmel/studio/7.0/toolchain/avr8/avr8-gnu-toolchain/bin/../lib/gcc/avr/4.9.2/../../../../avr/lib/avr5\libm.a(addsf3.o) (__fp_round)
c:/program files (x86)/atmel/studio/7.0/toolchain/avr8/avr8-gnu-toolchain/bin/../lib/gcc/avr/4.9.2/../../../../avr/lib/avr5\libm.a(fp_split3.o)
                              c:/program files (x86)/atmel/studio/7.0/toolchain/avr8/avr8-gnu-toolchain/bin/../lib/gcc/avr/4.9.2/../../../../avr/lib/avr5\libm.a(addsf3x.o) (__fp_split3)
c:/program files (x86)/atmel/studio/7.0/toolchain/avr8/avr8-gnu-toolchain/bin/../lib/gcc/avr/4.9.2/../../../../avr/lib/avr5\libm.a(fp_zero.o)
                              c:/program files (x86)/atmel/studio/7.0/toolchain/avr8/avr8-gnu-toolchain/bin/../lib/gcc/avr/4.9.2/../../../../avr/lib/avr5\libm.a(addsf3x.o) (__fp_zero)
c:/program files (x86)/atmel/studio/7.0/toolchain/avr8/avr8-gnu-toolchain/bin/../lib/gcc/avr/4.9.2/../../../../avr/lib/avr5\libm.a(gesf2.o)
                              arduino/Print.o (__gtsf2)
c:/program files (x86)/atmel/studio/7.0/toolchain/avr8/avr8-gnu-toolchain/bin/../lib/gcc/avr/4.9.2/../../../../avr/lib/avr5\libm.a(mulsf3.o)
                              arduino/Print.o (__mulsf3)
c:/program files (x86)/atmel/studio/7.0/toolchain/avr8/avr8-gnu-toolchain/bin/../lib/gcc/avr/4.9.2/../../../../avr/lib/avr5\libm.a(mulsf3x.o)
[...]
Memory Configuration

Name             Origin             Length             Attributes
text             0x00000000         0x00020000         xr
data             0x00800060         0x0000ffa0         rw !x
eeprom           0x00810000         0x00010000         rw !x
fuse             0x00820000         0x00000003         rw !x
lock             0x00830000         0x00000400         rw !x
signature        0x00840000         0x00000400         rw !x
user_signatures  0x00850000         0x00000400         rw !x
*default*        0x00000000         0xffffffff

Linker script and memory map

Address of section .data set to 0x800100
LOAD c:/program files (x86)/atmel/studio/7.0/toolchain/avr8/avr8-gnu-toolchain/bin/../lib/gcc/avr/4.9.2/../../../../avr/lib/avr5/crtatmega328p.o
LOAD arduino/Print.o
LOAD arduino/SoftwareSerial.o
LOAD arduino/wiring.o
LOAD arduino/wiring_digital.o
LOAD arduino/WString.o
LOAD main.o
LOAD modbus/ascii/mbascii.o
LOAD modbus/functions/mbfunccoils.o
LOAD modbus/functions/mbfuncdiag.o
LOAD modbus/functions/mbfuncdisc.o
LOAD modbus/functions/mbfuncholding.o
LOAD modbus/functions/mbfuncinput.o
LOAD modbus/functions/mbfuncother.o
LOAD modbus/functions/mbutils.o
LOAD modbus/mb.o
LOAD modbus/port/portevent.o
LOAD modbus/port/portserial.o
LOAD modbus/port/porttimer.o
LOAD modbus/rtu/mbcrc.o
LOAD modbus/rtu/mbrtu.o
LOAD scServo/scServo.o
START GROUP
LOAD c:/program files (x86)/atmel/studio/7.0/toolchain/avr8/avr8-gnu-toolchain/bin/../lib/gcc/avr/4.9.2/../../../../avr/lib/avr5\libm.a
END GROUP
LOAD c:/program files (x86)/atmel/studio/7.0/toolchain/avr8/avr8-gnu-toolchain/bin/../lib/gcc/avr/4.9.2/avr5\libgcc.a
LOAD c:/program files (x86)/atmel/studio/7.0/toolchain/avr8/avr8-gnu-toolchain/bin/../lib/gcc/avr/4.9.2/../../../../avr/lib/avr5\libm.a
START GROUP
LOAD c:/program files (x86)/atmel/studio/7.0/toolchain/avr8/avr8-gnu-toolchain/bin/../lib/gcc/avr/4.9.2/avr5\libgcc.a
LOAD c:/program files (x86)/atmel/studio/7.0/toolchain/avr8/avr8-gnu-toolchain/bin/../lib/gcc/avr/4.9.2/../../../../avr/lib/avr5\libm.a
LOAD c:/program files (x86)/atmel/studio/7.0/toolchain/avr8/avr8-gnu-toolchain/bin/../lib/gcc/avr/4.9.2/../../../../avr/lib/avr5\libc.a
LOAD c:/program files (x86)/atmel/studio/7.0/toolchain/avr8/avr8-gnu-toolchain/bin/../lib/gcc/avr/4.9.2/../../../../avr/lib/avr5\libatmega328p.a
END GROUP
                0x00020000                __TEXT_REGION_LENGTH__ = DEFINED (__TEXT_REGION_LENGTH__)?__TEXT_REGION_LENGTH__:0x20000
                0x0000ffa0                __DATA_REGION_LENGTH__ = DEFINED (__DATA_REGION_LENGTH__)?__DATA_REGION_LENGTH__:0xffa0
                0x00010000                __EEPROM_REGION_LENGTH__ = DEFINED (__EEPROM_REGION_LENGTH__)?__EEPROM_REGION_LENGTH__:0x10000
                [0x00000003]                __FUSE_REGION_LENGTH__ = DEFINED (__FUSE_REGION_LENGTH__)?__FUSE_REGION_LENGTH__:0x400
                0x00000400                __LOCK_REGION_LENGTH__ = DEFINED (__LOCK_REGION_LENGTH__)?__LOCK_REGION_LENGTH__:0x400
                0x00000400                __SIGNATURE_REGION_LENGTH__ = DEFINED (__SIGNATURE_REGION_LENGTH__)?__SIGNATURE_REGION_LENGTH__:0x400
                0x00000400                __USER_SIGNATURE_REGION_LENGTH__ = DEFINED (__USER_SIGNATURE_REGION_LENGTH__)?__USER_SIGNATURE_REGION_LENGTH__:0x400

.hash
 *(.hash)

.dynsym
 *(.dynsym)

.dynstr
 *(.dynstr)

.gnu.version
 *(.gnu.version)

.gnu.version_d
 *(.gnu.version_d)

.gnu.version_r
 *(.gnu.version_r)

.rel.init
 *(.rel.init)

.rela.init
 *(.rela.init)

.rel.text
 *(.rel.text)
 *(.rel.text.*)
 *(.rel.gnu.linkonce.t*)

.rela.text
 *(.rela.text)
 *(.rela.text.*)
 *(.rela.gnu.linkonce.t*)

.rel.fini
 *(.rel.fini)

.rela.fini
 *(.rela.fini)

.rel.rodata
 *(.rel.rodata)
 *(.rel.rodata.*)
 *(.rel.gnu.linkonce.r*)

.rela.rodata
 *(.rela.rodata)
 *(.rela.rodata.*)
 *(.rela.gnu.linkonce.r*)

.rel.data
 *(.rel.data)
 *(.rel.data.*)
 *(.rel.gnu.linkonce.d*)

.rela.data
 *(.rela.data)
 *(.rela.data.*)
 *(.rela.gnu.linkonce.d*)

.rel.ctors
 *(.rel.ctors)

.rela.ctors
 *(.rela.ctors)

.rel.dtors
 *(.rel.dtors)

.rela.dtors
 *(.rela.dtors)

.rel.got
 *(.rel.got)

.rela.got
 *(.rela.got)

.rel.bss
 *(.rel.bss)

.rela.bss
 *(.rela.bss)

.rel.plt
 *(.rel.plt)

.rela.plt
 *(.rela.plt)

.text           0x00000000     0x201c
 *(.vectors)
 .vectors       0x00000000       0x68 c:/program files (x86)/atmel/studio/7.0/toolchain/avr8/avr8-gnu-toolchain/bin/../lib/gcc/avr/4.9.2/../../../../avr/lib/avr5/crtatmega328p.o
                0x00000000                __vector_default
                0x00000000                __vectors
 *(.vectors)
 *(.progmem.gcc*)
                0x00000068                . = ALIGN (0x2)
                0x00000068                __trampolines_start = .
 *(.trampolines)
 .trampolines   0x00000068        0x0 linker stubs
 *(.trampolines*)
                0x00000068                __trampolines_end = .
 *(.progmem*)
 .progmem.data.digital_pin_to_timer_PGM
                0x00000068       0x14 arduino/wiring_digital.o
                0x00000068                digital_pin_to_timer_PGM
 .progmem.data.digital_pin_to_bit_mask_PGM
                0x0000007c       0x14 arduino/wiring_digital.o
                0x0000007c                digital_pin_to_bit_mask_PGM
 .progmem.data.digital_pin_to_port_PGM
                0x00000090       0x14 arduino/wiring_digital.o
                0x00000090                digital_pin_to_port_PGM
 .progmem.data.port_to_input_PGM
                0x000000a4        0xa arduino/wiring_digital.o
                0x000000a4                port_to_input_PGM
 .progmem.data.port_to_output_PGM
                0x000000ae        0xa arduino/wiring_digital.o
                0x000000ae                port_to_output_PGM
 .progmem.data.port_to_mode_PGM
                0x000000b8        0xa arduino/wiring_digital.o
                0x000000b8                port_to_mode_PGM
                0x000000c2                . = ALIGN (0x2)
 *(.jumptables)
 *(.jumptables*)
 *(.lowtext)
 *(.lowtext*)
                0x000000c2                __ctors_start = .
 *(.ctors)
 .ctors         0x000000c2        0x2 main.o
                0x000000c4                __ctors_end = .
                0x000000c4                __dtors_start = .
 *(.dtors)
 .dtors         0x000000c4        0x2 main.o
                0x000000c6                __dtors_end = .
 SORT(*)(.ctors)
 SORT(*)(.dtors)
 *(.init0)
 .init0         0x000000c6        0x0 c:/program files (x86)/atmel/studio/7.0/toolchain/avr8/avr8-gnu-toolchain/bin/../lib/gcc/avr/4.9.2/../../../../avr/lib/avr5/crtatmega328p.o
                0x000000c6                __init
 *(.init0)
 *(.init1)
 *(.init1)
 *(.init2)
 .init2         0x000000c6        0xc c:/program files (x86)/atmel/studio/7.0/toolchain/avr8/avr8-gnu-toolchain/bin/../lib/gcc/avr/4.9.2/../../../../avr/lib/avr5/crtatmega328p.o
 *(.init2)
 *(.init3)
 *(.init3)
 *(.init4)
 .init4         0x000000d2       0x16 c:/program files (x86)/atmel/studio/7.0/toolchain/avr8/avr8-gnu-toolchain/bin/../lib/gcc/avr/4.9.2/avr5\libgcc.a(_copy_data.o)
                0x000000d2                __do_copy_data
 .init4         0x000000e8       0x10 c:/program files (x86)/atmel/studio/7.0/toolchain/avr8/avr8-gnu-toolchain/bin/../lib/gcc/avr/4.9.2/avr5\libgcc.a(_clear_bss.o)
                0x000000e8                __do_clear_bss
 *(.init4)
 *(.init5)
 *(.init5)
 *(.init6)
 .init6         0x000000f8       0x16 c:/program files (x86)/atmel/studio/7.0/toolchain/avr8/avr8-gnu-toolchain/bin/../lib/gcc/avr/4.9.2/avr5\libgcc.a(_ctors.o)
                0x000000f8                __do_global_ctors
 *(.init6)
 *(.init7)
 *(.init7)
 *(.init8)
 *(.init8)
 *(.init9)
 .init9         0x0000010e        0x8 c:/program files (x86)/atmel/studio/7.0/toolchain/avr8/avr8-gnu-toolchain/bin/../lib/gcc/avr/4.9.2/../../../../avr/lib/avr5/crtatmega328p.o
 *(.init9)
 *(.text)
 .text          0x00000116        0x4 c:/program files (x86)/atmel/studio/7.0/toolchain/avr8/avr8-gnu-toolchain/bin/../lib/gcc/avr/4.9.2/../../../../avr/lib/avr5/crtatmega328p.o
                0x00000116                __vector_22
                0x00000116                __vector_1
                0x00000116                __vector_24
                0x00000116                __vector_12
                0x00000116                __bad_interrupt
                0x00000116                __vector_6
                0x00000116                __vector_23
                0x00000116                __vector_25
                0x00000116                __vector_13
                0x00000116                __vector_17
                0x00000116                __vector_2
                0x00000116                __vector_21
                0x00000116                __vector_15
                0x00000116                __vector_8
                0x00000116                __vector_14
                0x00000116                __vector_10
                0x0000011a                . = ALIGN (0x2)
 *(.text.*)
 .text._ZN5Print17availableForWriteEv
                0x0000011a        0x6 arduino/Print.o
                0x0000011a                _ZN5Print17availableForWriteEv
 .text._ZN5Print5writeEPKhj
                0x00000120       0x5e arduino/Print.o
                0x00000120                _ZN5Print5writeEPKhj
 .text._ZN14SoftwareSerial4readEv
                0x0000017e       0x58 arduino/SoftwareSerial.o
                0x0000017e                _ZN14SoftwareSerial4readEv
 .text._ZN14SoftwareSerial9availableEv
                0x000001d6       0x40 arduino/SoftwareSerial.o
                0x000001d6                _ZN14SoftwareSerial9availableEv
 .text._ZN14SoftwareSerial5writeEh
                0x00000216       0x98 arduino/SoftwareSerial.o
                0x00000216                _ZN14SoftwareSerial5writeEh
 .text._ZN14SoftwareSerial5flushEv
                0x000002ae        0x2 arduino/SoftwareSerial.o
                0x000002ae                _ZN14SoftwareSerial5flushEv
 .text._ZN14SoftwareSerial4peekEv
                0x000002b0       0x36 arduino/SoftwareSerial.o
                0x000002b0                _ZN14SoftwareSerial4peekEv
 .text._ZN14SoftwareSerial13stopListeningEv
                0x000002e6       0x2c arduino/SoftwareSerial.o
                0x000002e6                _ZN14SoftwareSerial13stopListeningEv
 .text._ZN14SoftwareSerial6listenEv
                0x00000312       0x56 arduino/SoftwareSerial.o
                0x00000312                _ZN14SoftwareSerial6listenEv
 .text.__vector_3
                0x00000368      0x15c arduino/SoftwareSerial.o
                0x00000368                __vector_5
                0x00000368                __vector_4
                0x00000368                __vector_3
 .text._ZN14SoftwareSerialD2Ev
                0x000004c4       0x10 arduino/SoftwareSerial.o
                0x000004c4                _ZN14SoftwareSerialD1Ev
                0x000004c4                _ZN14SoftwareSerialD2Ev
 .text._ZN14SoftwareSerial5setTXEh
                0x000004d4       0x52 arduino/SoftwareSerial.o
                0x000004d4                _ZN14SoftwareSerial5setTXEh
 .text._ZN14SoftwareSerial5setRXEh
                0x00000526       0x52 arduino/SoftwareSerial.o
                0x00000526                _ZN14SoftwareSerial5setRXEh
 .text._ZN14SoftwareSerialC2Ehhb
                0x00000578       0x58 arduino/SoftwareSerial.o
                0x00000578                _ZN14SoftwareSerialC1Ehhb
                0x00000578                _ZN14SoftwareSerialC2Ehhb
 .text._ZN14SoftwareSerial5beginEl
                0x000005d0      0x124 arduino/SoftwareSerial.o
                0x000005d0                _ZN14SoftwareSerial5beginEl
 .text.__vector_16
                0x000006f4       0x94 arduino/wiring.o
                0x000006f4                __vector_16
 .text.millis   0x00000788       0x18 arduino/wiring.o
                0x00000788                millis
 .text.init     0x000007a0       0x26 arduino/wiring.o
                0x000007a0                init
 .text.turnOffPWM
                0x000007c6       0x5e arduino/wiring_digital.o
 .text.pinMode  0x00000824       0x7e arduino/wiring_digital.o
                0x00000824                pinMode
 .text.digitalWrite
                0x000008a2       0x62 arduino/wiring_digital.o
                0x000008a2                digitalWrite
 .text._Z13pneumaticInitv
                0x00000904       0x44 main.o
                0x00000904                _Z13pneumaticInitv
 .text._Z7oscInitv
                0x00000948       0x2a main.o
                0x00000948                _Z7oscInitv
 .text.__vector_11
                0x00000972      0x164 main.o
                0x00000972                __vector_11
 .text.main     0x00000ad6       0xa4 main.o
                0x00000ad6                main
 .text.eMBRegInputCB
                0x00000b7a       0x38 main.o
                0x00000b7a                eMBRegInputCB
 .text.eMBRegHoldingCB
                0x00000bb2      0x1a0 main.o
                0x00000bb2                eMBRegHoldingCB
 .text.eMBRegCoilsCB
                0x00000d52        0x4 main.o
                0x00000d52                eMBRegCoilsCB
 .text.eMBRegDiscreteCB
                0x00000d56        0x4 main.o
                0x00000d56                eMBRegDiscreteCB
 .text._GLOBAL__sub_I_pneumatic_pin
                0x00000d5a        0xa main.o
 .text._GLOBAL__sub_D_pneumatic_pin
                0x00000d64        0xa main.o
 .text.eMBASCIIInit
                0x00000d6e       0x36 modbus/ascii/mbascii.o
                0x00000d6e                eMBASCIIInit
 .text.eMBASCIIStart
                0x00000da4       0x18 modbus/ascii/mbascii.o
                0x00000da4                eMBASCIIStart
 .text.eMBASCIIStop
                0x00000dbc       0x12 modbus/ascii/mbascii.o
                0x00000dbc                eMBASCIIStop
 .text.eMBASCIIReceive
                0x00000dce       0x6c modbus/ascii/mbascii.o
                0x00000dce                eMBASCIIReceive
 .text.eMBASCIISend
                0x00000e3a       0x94 modbus/ascii/mbascii.o
                0x00000e3a                eMBASCIISend
 .text.xMBASCIIReceiveFSM
                0x00000ece      0x14a modbus/ascii/mbascii.o
                0x00000ece                xMBASCIIReceiveFSM
 .text.xMBASCIITransmitFSM
                0x00001018      0x12e modbus/ascii/mbascii.o
                0x00001018                xMBASCIITransmitFSM
 .text.xMBASCIITimerT1SExpired
                0x00001146       0x16 modbus/ascii/mbascii.o
                0x00001146                xMBASCIITimerT1SExpired
 .text.eMBFuncReadCoils
                0x0000115c       0xc2 modbus/functions/mbfunccoils.o
                0x0000115c                eMBFuncReadCoils
 .text.eMBFuncWriteCoil
                0x0000121e       0x72 modbus/functions/mbfunccoils.o
                0x0000121e                eMBFuncWriteCoil
 .text.eMBFuncWriteMultipleCoils
                0x00001290       0x9e modbus/functions/mbfunccoils.o
                0x00001290                eMBFuncWriteMultipleCoils
 .text.eMBFuncReadDiscreteInputs
                0x0000132e       0xc0 modbus/functions/mbfuncdisc.o
                0x0000132e                eMBFuncReadDiscreteInputs
 .text.eMBFuncWriteHoldingRegister
                0x000013ee       0x3c modbus/functions/mbfuncholding.o
                0x000013ee                eMBFuncWriteHoldingRegister
 .text.eMBFuncWriteMultipleHoldingRegister
                0x0000142a       0x74 modbus/functions/mbfuncholding.o
                0x0000142a                eMBFuncWriteMultipleHoldingRegister
 .text.eMBFuncReadHoldingRegister
                0x0000149e       0xa4 modbus/functions/mbfuncholding.o
                0x0000149e                eMBFuncReadHoldingRegister
 .text.eMBFuncReadWriteMultipleHoldingRegister
                0x00001542      0x100 modbus/functions/mbfuncholding.o
                0x00001542                eMBFuncReadWriteMultipleHoldingRegister
 .text.eMBFuncReadInputRegister
                0x00001642       0xae modbus/functions/mbfuncinput.o
                0x00001642                eMBFuncReadInputRegister
 .text.eMBSetSlaveID
                0x000016f0       0x56 modbus/functions/mbfuncother.o
                0x000016f0                eMBSetSlaveID
 .text.eMBFuncReportSlaveID
                0x00001746       0x32 modbus/functions/mbfuncother.o
                0x00001746                eMBFuncReportSlaveID
 .text.prveMBError2Exception
                0x00001778       0x1c modbus/functions/mbutils.o
                0x00001778                prveMBError2Exception
 .text.eMBInit  0x00001794       0xcc modbus/mb.o
                0x00001794                eMBInit
 .text.eMBEnable
                0x00001860       0x1e modbus/mb.o
                0x00001860                eMBEnable
 .text.eMBPoll  0x0000187e      0x168 modbus/mb.o
                0x0000187e                eMBPoll
 .text.xMBPortEventInit
                0x000019e6        0x8 modbus/port/portevent.o
                0x000019e6                xMBPortEventInit
 .text.xMBPortEventPost
                0x000019ee        0xe modbus/port/portevent.o
                0x000019ee                xMBPortEventPost
 .text.xMBPortEventGet
                0x000019fc       0x1c modbus/port/portevent.o
                0x000019fc                xMBPortEventGet
 .text.vMBPortSerialEnable
                0x00001a18       0x3e modbus/port/portserial.o
                0x00001a18                vMBPortSerialEnable
 .text.xMBPortSerialInit
                0x00001a56       0x84 modbus/port/portserial.o
                0x00001a56                xMBPortSerialInit
 .text.xMBPortSerialPutByte
                0x00001ada        0x8 modbus/port/portserial.o
                0x00001ada                xMBPortSerialPutByte
 .text.xMBPortSerialGetByte
                0x00001ae2        0xc modbus/port/portserial.o
                0x00001ae2                xMBPortSerialGetByte
 .text.__vector_19
                0x00001aee       0x4e modbus/port/portserial.o
                0x00001aee                __vector_19
 .text.__vector_18
                0x00001b3c       0x4e modbus/port/portserial.o
                0x00001b3c                __vector_18
 .text.__vector_20
                0x00001b8a       0x16 modbus/port/portserial.o
                0x00001b8a                __vector_20
 .text.xMBPortTimersInit
                0x00001ba0       0x4a modbus/port/porttimer.o
                0x00001ba0                xMBPortTimersInit
 .text.vMBPortTimersEnable
                0x00001bea       0x66 modbus/port/porttimer.o
                0x00001bea                vMBPortTimersEnable
 .text.vMBPortTimersDisable
                0x00001c50       0x1c modbus/port/porttimer.o
                0x00001c50                vMBPortTimersDisable
 .text.__vector_7
                0x00001c6c       0x4e modbus/port/porttimer.o
                0x00001c6c                __vector_7
 .text.__vector_9
                0x00001cba       0x8e modbus/port/porttimer.o
                0x00001cba                __vector_9
 .text._ZN7SCServoC2Ev
                0x00001d48        0xc scServo/scServo.o
                0x00001d48                _ZN7SCServoC2Ev
                0x00001d48                _ZN7SCServoC1Ev
 .text._ZN7SCServo4initEl
                0x00001d54       0x2a scServo/scServo.o
                0x00001d54                _ZN7SCServo4initEl
 .text._ZN7SCServo10ReadSerialEv
                0x00001d7e        0x6 scServo/scServo.o
                0x00001d7e                _ZN7SCServo10ReadSerialEv
 .text._ZN7SCServo12fflushRevBufEv
                0x00001d84       0x16 scServo/scServo.o
                0x00001d84                _ZN7SCServo12fflushRevBufEv
 .text._ZN7SCServo7ReadBufEhPh
                0x00001d9a       0xa4 scServo/scServo.o
                0x00001d9a                _ZN7SCServo7ReadBufEhPh
 .text._ZN7SCServo12EnableTorqueEhhh
                0x00001e3e       0x8a scServo/scServo.o
                0x00001e3e                _ZN7SCServo12EnableTorqueEhhh
 .text._ZN7SCServo8WritePosEhiih
                0x00001ec8       0xba scServo/scServo.o
                0x00001ec8                _ZN7SCServo8WritePosEhiih
 .text.libgcc.div
                0x00001f82       0x44 c:/program files (x86)/atmel/studio/7.0/toolchain/avr8/avr8-gnu-toolchain/bin/../lib/gcc/avr/4.9.2/avr5\libgcc.a(_udivmodsi4.o)
                0x00001f82                __udivmodsi4
 .text.libgcc.mul
                0x00001fc6       0x1e c:/program files (x86)/atmel/studio/7.0/toolchain/avr8/avr8-gnu-toolchain/bin/../lib/gcc/avr/4.9.2/avr5\libgcc.a(_umulhisi3.o)
                0x00001fc6                __umulhisi3
 .text.libgcc   0x00001fe4        0xc c:/program files (x86)/atmel/studio/7.0/toolchain/avr8/avr8-gnu-toolchain/bin/../lib/gcc/avr/4.9.2/avr5\libgcc.a(_tablejump2.o)
                0x00001fe4                __tablejump2__
 .text.avr-libc
                0x00001ff0       0x12 c:/program files (x86)/atmel/studio/7.0/toolchain/avr8/avr8-gnu-toolchain/bin/../lib/gcc/avr/4.9.2/../../../../avr/lib/avr5\libc.a(memcpy.o)
                0x00001ff0                memcpy
                0x00002002                . = ALIGN (0x2)
 *(.fini9)
 .fini9         0x00002002        0x0 c:/program files (x86)/atmel/studio/7.0/toolchain/avr8/avr8-gnu-toolchain/bin/../lib/gcc/avr/4.9.2/avr5\libgcc.a(_exit.o)
                0x00002002                _exit
                0x00002002                exit
 *(.fini9)
 *(.fini8)
 *(.fini8)
 *(.fini7)
 *(.fini7)
 *(.fini6)
 .fini6         0x00002002       0x16 c:/program files (x86)/atmel/studio/7.0/toolchain/avr8/avr8-gnu-toolchain/bin/../lib/gcc/avr/4.9.2/avr5\libgcc.a(_dtors.o)
                0x00002002                __do_global_dtors
 *(.fini6)
 *(.fini5)
 *(.fini5)
 *(.fini4)
 *(.fini4)
 *(.fini3)
 *(.fini3)
 *(.fini2)
 *(.fini2)
 *(.fini1)
 *(.fini1)
 *(.fini0)
 .fini0         0x00002018        0x4 c:/program files (x86)/atmel/studio/7.0/toolchain/avr8/avr8-gnu-toolchain/bin/../lib/gcc/avr/4.9.2/avr5\libgcc.a(_exit.o)
 *(.fini0)
                0x0000201c                _etext = .

.data           0x00800100       0x48 load address 0x0000201c
                0x00800100                PROVIDE (__data_start, .)
 *(.data)
 *(.data*)
 .data.pneumatic_pin
                0x00800100        0x4 main.o
                0x00800100                pneumatic_pin
 .data._ZL13xFuncHandlers
                0x00800104       0x30 modbus/mb.o
 .data._ZL8eMBState
                0x00800134        0x1 modbus/mb.o
 *(.rodata)
 *(.rodata*)
 .rodata._ZTV14SoftwareSerial
                0x00800135       0x12 arduino/SoftwareSerial.o
                0x00800135                _ZTV14SoftwareSerial
 *(.gnu.linkonce.d*)
                0x00800148                . = ALIGN (0x2)
 *fill*         0x00800147        0x1 
                0x00800148                _edata = .
                0x00800148                PROVIDE (__data_end, .)

.bss            0x00800148      0x24f
                0x00800148                PROVIDE (__bss_start, .)
 *(.bss)
 *(.bss*)
 .bss._ZN14SoftwareSerial20_receive_buffer_headE
                0x00800148        0x1 arduino/SoftwareSerial.o
                0x00800148                _ZN14SoftwareSerial20_receive_buffer_headE
 .bss._ZN14SoftwareSerial20_receive_buffer_tailE
                0x00800149        0x1 arduino/SoftwareSerial.o
                0x00800149                _ZN14SoftwareSerial20_receive_buffer_tailE
 .bss._ZN14SoftwareSerial15_receive_bufferE
                0x0080014a       0x40 arduino/SoftwareSerial.o
                0x0080014a                _ZN14SoftwareSerial15_receive_bufferE
 .bss._ZN14SoftwareSerial13active_objectE
                0x0080018a        0x2 arduino/SoftwareSerial.o
                0x0080018a                _ZN14SoftwareSerial13active_objectE
 .bss.timer0_fract
                0x0080018c        0x1 arduino/wiring.o
 .bss.timer0_millis
                0x0080018d        0x4 arduino/wiring.o
                0x0080018d                timer0_millis
 .bss.timer0_overflow_count
                0x00800191        0x4 arduino/wiring.o
                0x00800191                timer0_overflow_count
 .bss._ZL14usRegOutputBuf
                0x00800195       0x8c main.o
 .bss.osc_open_pos
                0x00800221        0x2 main.o
                0x00800221                osc_open_pos
 .bss.osc_close_pos
                0x00800223        0x2 main.o
                0x00800223                osc_close_pos
 .bss.osc_switch
                0x00800225        0x1 main.o
                0x00800225                osc_switch
 .bss.osc_state_flag
                0x00800226        0x1 main.o
                0x00800226                osc_state_flag
 .bss.osc_counter
                0x00800227        0x4 main.o
                0x00800227                osc_counter
 .bss.servo     0x0080022b       0x1f main.o
                0x0080022b                servo
 .bss.ucMBLFCharacter
                0x0080024a        0x1 modbus/ascii/mbascii.o
 .bss.usSndBufferCount
                0x0080024b        0x2 modbus/ascii/mbascii.o
 .bss.pucSndBufferCur
                0x0080024d        0x2 modbus/ascii/mbascii.o
 .bss.eBytePos  0x0080024f        0x1 modbus/ascii/mbascii.o
 .bss.usRcvBufferPos
                0x00800250        0x2 modbus/ascii/mbascii.o
 .bss.eRcvState
                0x00800252        0x1 modbus/ascii/mbascii.o
 .bss.eSndState
                0x00800253        0x1 modbus/ascii/mbascii.o
 .bss.usMBSlaveIDLen
                0x00800254        0x2 modbus/functions/mbfuncother.o
 .bss.ucMBSlaveID
                0x00800256       0x20 modbus/functions/mbfuncother.o
 .bss._ZZ7eMBPollE10eException
                0x00800276        0x1 modbus/mb.o
 .bss._ZZ7eMBPollE14ucFunctionCode
                0x00800277        0x1 modbus/mb.o
 .bss._ZZ7eMBPollE8usLength
                0x00800278        0x2 modbus/mb.o
 .bss._ZZ7eMBPollE9ucMBFrame
                0x0080027a        0x2 modbus/mb.o
 .bss._ZZ7eMBPollE12ucRcvAddress
                0x0080027c        0x1 modbus/mb.o
 .bss.pxMBPortCBTimerExpired
                0x0080027d        0x2 modbus/mb.o
                0x0080027d                pxMBPortCBTimerExpired
 .bss.pxMBFrameCBTransmitterEmpty
                0x0080027f        0x2 modbus/mb.o
                0x0080027f                pxMBFrameCBTransmitterEmpty
 .bss.pxMBFrameCBByteReceived
                0x00800281        0x2 modbus/mb.o
                0x00800281                pxMBFrameCBByteReceived
 .bss._ZL17pvMBFrameCloseCur
                0x00800283        0x2 modbus/mb.o
 .bss._ZL19peMBFrameReceiveCur
                0x00800285        0x2 modbus/mb.o
 .bss._ZL16pvMBFrameStopCur
                0x00800287        0x2 modbus/mb.o
 .bss._ZL17pvMBFrameStartCur
                0x00800289        0x2 modbus/mb.o
 .bss._ZL16peMBFrameSendCur
                0x0080028b        0x2 modbus/mb.o
 .bss._ZL14eMBCurrentMode
                0x0080028d        0x1 modbus/mb.o
 .bss._ZL11ucMBAddress
                0x0080028e        0x1 modbus/mb.o
 .bss.xEventInQueue
                0x0080028f        0x1 modbus/port/portevent.o
 .bss.eQueuedEvent
                0x00800290        0x1 modbus/port/portevent.o
 .bss.OCR2_Hi   0x00800291        0x1 modbus/port/porttimer.o
 .bss.TCNT2_Hi  0x00800292        0x1 modbus/port/porttimer.o
 .bss.usTimerOCRDeltaLo
                0x00800293        0x1 modbus/port/porttimer.o
 .bss.usTimerOCRDeltaHi
                0x00800294        0x1 modbus/port/porttimer.o
 .bss.usTimerOCRADelta
                0x00800295        0x2 modbus/port/porttimer.o
 *(COMMON)
 COMMON         0x00800297      0x100 modbus/rtu/mbrtu.o
                0x00800297                ucRTUBuf
                0x00800397                PROVIDE (__bss_end, .)
                0x0000201c                __data_load_start = LOADADDR (.data)
                0x00002064                __data_load_end = (__data_load_start + SIZEOF (.data))

.noinit         0x00800397        0x0
                [!provide]                PROVIDE (__noinit_start, .)
 *(.noinit*)
                [!provide]                PROVIDE (__noinit_end, .)
                0x00800397                _end = .
                0x00800397                PROVIDE (__heap_start, .)

.eeprom         0x00810000        0x0
 *(.eeprom*)
                0x00810000                __eeprom_end = .

.fuse
 *(.fuse)
 *(.lfuse)
 *(.hfuse)
 *(.efuse)

.lock
 *(.lock*)

.signature
 *(.signature*)

.user_signatures
 *(.user_signatures*)

.stab
 *(.stab)

.stabstr
 *(.stabstr)

.stab.excl
 *(.stab.excl)

.stab.exclstr
 *(.stab.exclstr)

.stab.index
 *(.stab.index)

.stab.indexstr
 *(.stab.indexstr)

.comment        0x00000000       0x30
 *(.comment)
 .comment       0x00000000       0x30 arduino/Print.o
                                 0x31 (size before relaxing)
 .comment       0x00000030       0x31 arduino/SoftwareSerial.o
 .comment       0x00000030       0x31 arduino/wiring.o
 .comment       0x00000030       0x31 arduino/wiring_digital.o
 .comment       0x00000030       0x31 main.o
 .comment       0x00000030       0x31 modbus/ascii/mbascii.o
 .comment       0x00000030       0x31 modbus/functions/mbfunccoils.o
 .comment       0x00000030       0x31 modbus/functions/mbfuncdisc.o
 .comment       0x00000030       0x31 modbus/functions/mbfuncholding.o
 .comment       0x00000030       0x31 modbus/functions/mbfuncinput.o
 .comment       0x00000030       0x31 modbus/functions/mbfuncother.o
 .comment       0x00000030       0x31 modbus/functions/mbutils.o
 .comment       0x00000030       0x31 modbus/mb.o
 .comment       0x00000030       0x31 modbus/port/portevent.o
 .comment       0x00000030       0x31 modbus/port/portserial.o
 .comment       0x00000030       0x31 modbus/port/porttimer.o
 .comment       0x00000030       0x31 modbus/rtu/mbrtu.o
 .comment       0x00000030       0x31 scServo/scServo.o

.note.gnu.avr.deviceinfo
                0x00000000       0x40
 .note.gnu.avr.deviceinfo
                0x00000000       0x40 c:/program files (x86)/atmel/studio/7.0/toolchain/avr8/avr8-gnu-toolchain/bin/../lib/gcc/avr/4.9.2/../../../../avr/lib/avr5/crtatmega328p.o

.note.gnu.build-id
 *(.note.gnu.build-id)

.debug
 *(.debug)

.line
 *(.line)

.debug_srcinfo
 *(.debug_srcinfo)

.debug_sfnames
 *(.debug_sfnames)

.debug_aranges  0x00000000      0x630
 *(.debug_aranges)
 .debug_aranges
                0x00000000       0xf8 arduino/Print.o
 .debug_aranges
                0x000000f8       0xa8 arduino/SoftwareSerial.o
 .debug_aranges
                0x000001a0       0x48 arduino/wiring.o
 .debug_aranges
                0x000001e8       0x38 arduino/wiring_digital.o
 .debug_aranges
                0x00000220       0x68 main.o
 .debug_aranges
                0x00000288       0x58 modbus/ascii/mbascii.o
 .debug_aranges
                0x000002e0       0x30 modbus/functions/mbfunccoils.o
 .debug_aranges
                0x00000310       0x20 modbus/functions/mbfuncdisc.o
 .debug_aranges
                0x00000330       0x38 modbus/functions/mbfuncholding.o
 .debug_aranges
                0x00000368       0x20 modbus/functions/mbfuncinput.o
 .debug_aranges
                0x00000388       0x28 modbus/functions/mbfuncother.o
 .debug_aranges
                0x000003b0       0x30 modbus/functions/mbutils.o
 .debug_aranges
                0x000003e0       0x48 modbus/mb.o
 .debug_aranges
                0x00000428       0x30 modbus/port/portevent.o
 .debug_aranges
                0x00000458       0x50 modbus/port/portserial.o
 .debug_aranges
                0x000004a8       0x40 modbus/port/porttimer.o
 .debug_aranges
                0x000004e8       0x58 modbus/rtu/mbrtu.o
 .debug_aranges
                0x00000540       0xf0 scServo/scServo.o

.debug_pubnames
 *(.debug_pubnames)

.debug_info     0x00000000     0xda70
 *(.debug_info .gnu.linkonce.wi.*)
 .debug_info    0x00000000      0x5f4 c:/program files (x86)/atmel/studio/7.0/toolchain/avr8/avr8-gnu-toolchain/bin/../lib/gcc/avr/4.9.2/../../../../avr/lib/avr5/crtatmega328p.o
 .debug_info    0x000005f4     0x26a3 arduino/Print.o
 .debug_info    0x00002c97     0x25f2 arduino/SoftwareSerial.o
 .debug_info    0x00005289      0x2cf arduino/wiring.o
 .debug_info    0x00005558      0x5d6 arduino/wiring_digital.o
 .debug_info    0x00005b2e      0xf8f main.o
 .debug_info    0x00006abd      0x832 modbus/ascii/mbascii.o
 .debug_info    0x000072ef      0x3cb modbus/functions/mbfunccoils.o
 .debug_info    0x000076ba      0x220 modbus/functions/mbfuncdisc.o
 .debug_info    0x000078da      0x49d modbus/functions/mbfuncholding.o
 .debug_info    0x00007d77      0x21c modbus/functions/mbfuncinput.o
 .debug_info    0x00007f93      0x2b8 modbus/functions/mbfuncother.o
 .debug_info    0x0000824b      0x28b modbus/functions/mbutils.o
 .debug_info    0x000084d6      0x73a modbus/mb.o
 .debug_info    0x00008c10      0x15b modbus/port/portevent.o
 .debug_info    0x00008d6b      0x25e modbus/port/portserial.o
 .debug_info    0x00008fc9      0x1ac modbus/port/porttimer.o
 .debug_info    0x00009175      0x6cd modbus/rtu/mbrtu.o
 .debug_info    0x00009842     0x422e scServo/scServo.o

.debug_abbrev   0x00000000     0x2962
 *(.debug_abbrev)
 .debug_abbrev  0x00000000      0x5a2 c:/program files (x86)/atmel/studio/7.0/toolchain/avr8/avr8-gnu-toolchain/bin/../lib/gcc/avr/4.9.2/../../../../avr/lib/avr5/crtatmega328p.o
 .debug_abbrev  0x000005a2      0x3c8 arduino/Print.o
 .debug_abbrev  0x0000096a      0x5fe arduino/SoftwareSerial.o
 .debug_abbrev  0x00000f68      0x145 arduino/wiring.o
 .debug_abbrev  0x000010ad      0x149 arduino/wiring_digital.o
 .debug_abbrev  0x000011f6      0x423 main.o
 .debug_abbrev  0x00001619      0x269 modbus/ascii/mbascii.o
 .debug_abbrev  0x00001882      0x106 modbus/functions/mbfunccoils.o
 .debug_abbrev  0x00001988       0xe5 modbus/functions/mbfuncdisc.o
 .debug_abbrev  0x00001a6d      0x101 modbus/functions/mbfuncholding.o
 .debug_abbrev  0x00001b6e       0xe5 modbus/functions/mbfuncinput.o
 .debug_abbrev  0x00001c53       0xf7 modbus/functions/mbfuncother.o
 .debug_abbrev  0x00001d4a       0xf1 modbus/functions/mbutils.o
 .debug_abbrev  0x00001e3b      0x223 modbus/mb.o
 .debug_abbrev  0x0000205e       0xbb modbus/port/portevent.o
 .debug_abbrev  0x00002119      0x138 modbus/port/portserial.o
 .debug_abbrev  0x00002251       0xf6 modbus/port/porttimer.o
 .debug_abbrev  0x00002347      0x1c4 modbus/rtu/mbrtu.o
 .debug_abbrev  0x0000250b      0x457 scServo/scServo.o

.debug_line     0x00000000     0x3e59
 *(.debug_line .debug_line.* .debug_line_end)
 .debug_line    0x00000000       0x1a c:/program files (x86)/atmel/studio/7.0/toolchain/avr8/avr8-gnu-toolchain/bin/../lib/gcc/avr/4.9.2/../../../../avr/lib/avr5/crtatmega328p.o
 .debug_line    0x0000001a      0x6af arduino/Print.o
 .debug_line    0x000006c9      0x759 arduino/SoftwareSerial.o
 .debug_line    0x00000e22      0x237 arduino/wiring.o
 .debug_line    0x00001059      0x234 arduino/wiring_digital.o
 .debug_line    0x0000128d      0x588 main.o
 .debug_line    0x00001815      0x4d4 modbus/ascii/mbascii.o
 .debug_line    0x00001ce9      0x291 modbus/functions/mbfunccoils.o
 .debug_line    0x00001f7a      0x169 modbus/functions/mbfuncdisc.o
 .debug_line    0x000020e3      0x327 modbus/functions/mbfuncholding.o
 .debug_line    0x0000240a      0x15d modbus/functions/mbfuncinput.o
 .debug_line    0x00002567      0x1a2 modbus/functions/mbfuncother.o
 .debug_line    0x00002709      0x193 modbus/functions/mbutils.o
 .debug_line    0x0000289c      0x3a1 modbus/mb.o
 .debug_line    0x00002c3d      0x107 modbus/port/portevent.o
 .debug_line    0x00002d44      0x20c modbus/port/portserial.o
 .debug_line    0x00002f50      0x20f modbus/port/porttimer.o
 .debug_line    0x0000315f      0x3cd modbus/rtu/mbrtu.o
 .debug_line    0x0000352c      0x92d scServo/scServo.o

.debug_frame    0x00000000     0x13fc
 *(.debug_frame)
 .debug_frame   0x00000000      0x3ac arduino/Print.o
 .debug_frame   0x000003ac      0x1dc arduino/SoftwareSerial.o
 .debug_frame   0x00000588       0xc4 arduino/wiring.o
 .debug_frame   0x0000064c       0x7c arduino/wiring_digital.o
 .debug_frame   0x000006c8      0x18c main.o
 .debug_frame   0x00000854       0xc0 modbus/ascii/mbascii.o
 .debug_frame   0x00000914       0x74 modbus/functions/mbfunccoils.o
 .debug_frame   0x00000988       0x34 modbus/functions/mbfuncdisc.o
 .debug_frame   0x000009bc       0x9c modbus/functions/mbfuncholding.o
 .debug_frame   0x00000a58       0x38 modbus/functions/mbfuncinput.o
 .debug_frame   0x00000a90       0x54 modbus/functions/mbfuncother.o
 .debug_frame   0x00000ae4       0x58 modbus/functions/mbutils.o
 .debug_frame   0x00000b3c       0xa8 modbus/mb.o
 .debug_frame   0x00000be4       0x44 modbus/port/portevent.o
 .debug_frame   0x00000c28      0x12c modbus/port/portserial.o
 .debug_frame   0x00000d54       0xf4 modbus/port/porttimer.o
 .debug_frame   0x00000e48       0xf0 modbus/rtu/mbrtu.o
 .debug_frame   0x00000f38      0x4c4 scServo/scServo.o

.debug_str      0x00000000     0x30b1
 *(.debug_str)
 .debug_str     0x00000000      0x208 c:/program files (x86)/atmel/studio/7.0/toolchain/avr8/avr8-gnu-toolchain/bin/../lib/gcc/avr/4.9.2/../../../../avr/lib/avr5/crtatmega328p.o
 .debug_str     0x00000208      0xe78 arduino/Print.o
                                0xf01 (size before relaxing)
 .debug_str     0x00001080      0x9d8 arduino/SoftwareSerial.o
                               0x159a (size before relaxing)
 .debug_str     0x00001a58      0x12e arduino/wiring.o
                                0x216 (size before relaxing)
 .debug_str     0x00001b86       0x68 arduino/wiring_digital.o
                                0x27b (size before relaxing)
 .debug_str     0x00001bee      0x777 main.o
                                0xa32 (size before relaxing)
 .debug_str     0x00002365      0x33e modbus/ascii/mbascii.o
                                0x588 (size before relaxing)
 .debug_str     0x000026a3      0x1bc modbus/functions/mbfunccoils.o
                                0x408 (size before relaxing)
 .debug_str     0x0000285f       0x49 modbus/functions/mbfuncdisc.o
                                0x38a (size before relaxing)
 .debug_str     0x000028a8      0x117 modbus/functions/mbfuncholding.o
                                0x477 (size before relaxing)
 .debug_str     0x000029bf       0x3b modbus/functions/mbfuncinput.o
                                0x37b (size before relaxing)
 .debug_str     0x000029fa       0x82 modbus/functions/mbfuncother.o
                                0x39c (size before relaxing)
 .debug_str     0x00002a7c       0x9e modbus/functions/mbutils.o
                                0x392 (size before relaxing)
 .debug_str     0x00002b1a      0x258 modbus/mb.o
                                0x6bd (size before relaxing)
 .debug_str     0x00002d72       0x45 modbus/port/portevent.o
                                0x23d (size before relaxing)
 .debug_str     0x00002db7       0x76 modbus/port/portserial.o
                                0x2e1 (size before relaxing)
 .debug_str     0x00002e2d       0x8a modbus/port/porttimer.o
                                0x26f (size before relaxing)
 .debug_str     0x00002eb7      0x101 modbus/rtu/mbrtu.o
                                0x50e (size before relaxing)
 .debug_str     0x00002fb8       0xf9 scServo/scServo.o
                                0x842 (size before relaxing)

.debug_loc      0x00000000     0xa496
 *(.debug_loc)
 .debug_loc     0x00000000     0x1d88 arduino/Print.o
 .debug_loc     0x00001d88      0xe28 arduino/SoftwareSerial.o
 .debug_loc     0x00002bb0      0x24a arduino/wiring.o
 .debug_loc     0x00002dfa      0x5c4 arduino/wiring_digital.o
 .debug_loc     0x000033be      0x6b9 main.o
 .debug_loc     0x00003a77      0x5a9 modbus/ascii/mbascii.o
 .debug_loc     0x00004020      0x62a modbus/functions/mbfunccoils.o
 .debug_loc     0x0000464a      0x23e modbus/functions/mbfuncdisc.o
 .debug_loc     0x00004888      0x86f modbus/functions/mbfuncholding.o
 .debug_loc     0x000050f7      0x21d modbus/functions/mbfuncinput.o
 .debug_loc     0x00005314      0x246 modbus/functions/mbfuncother.o
 .debug_loc     0x0000555a      0x343 modbus/functions/mbutils.o
 .debug_loc     0x0000589d      0x4af modbus/mb.o
 .debug_loc     0x00005d4c       0xa1 modbus/port/portevent.o
 .debug_loc     0x00005ded      0x347 modbus/port/portserial.o
 .debug_loc     0x00006134      0x1bc modbus/port/porttimer.o
 .debug_loc     0x000062f0      0x554 modbus/rtu/mbrtu.o
 .debug_loc     0x00006844     0x3c52 scServo/scServo.o

.debug_macinfo
 *(.debug_macinfo)

.debug_weaknames
 *(.debug_weaknames)

.debug_funcnames
 *(.debug_funcnames)

.debug_typenames
 *(.debug_typenames)

.debug_varnames
 *(.debug_varnames)

.debug_pubtypes
 *(.debug_pubtypes)

.debug_ranges   0x00000000      0x5a0
 *(.debug_ranges)
 .debug_ranges  0x00000000      0x100 arduino/Print.o
 .debug_ranges  0x00000100       0xf8 arduino/SoftwareSerial.o
 .debug_ranges  0x000001f8       0x38 arduino/wiring.o
 .debug_ranges  0x00000230       0x28 arduino/wiring_digital.o
 .debug_ranges  0x00000258       0x70 main.o
 .debug_ranges  0x000002c8       0x48 modbus/ascii/mbascii.o
 .debug_ranges  0x00000310       0x20 modbus/functions/mbfunccoils.o
 .debug_ranges  0x00000330       0x10 modbus/functions/mbfuncdisc.o
 .debug_ranges  0x00000340       0x28 modbus/functions/mbfuncholding.o
 .debug_ranges  0x00000368       0x10 modbus/functions/mbfuncinput.o
 .debug_ranges  0x00000378       0x18 modbus/functions/mbfuncother.o
 .debug_ranges  0x00000390       0x20 modbus/functions/mbutils.o
 .debug_ranges  0x000003b0       0x38 modbus/mb.o
 .debug_ranges  0x000003e8       0x20 modbus/port/portevent.o
 .debug_ranges  0x00000408       0x40 modbus/port/portserial.o
 .debug_ranges  0x00000448       0x30 modbus/port/porttimer.o
 .debug_ranges  0x00000478       0x48 modbus/rtu/mbrtu.o
 .debug_ranges  0x000004c0       0xe0 scServo/scServo.o

.debug_macro
 *(.debug_macro)
OUTPUT(roboSlave.elf elf32-avr)
LOAD linker stubs
